
=== m=64 n=7168 k=18432 bias=0 ===
              config_row = 1
                      bm = 32
                      bn = 64
                      bk = 64
                      eb = 8
              lrow_count = 1
               col_count = 112
              gemm_tiles = 224
               red_tiles = 112
           num_gemm_ctas = 272
        num_reducer_ctas = 32
                  even_k = True
                  even_n = True
        packet_fast_path = True
               lds_bytes = 24576
      signal_words_total = 1856
                 k_local = 2304
    epoch 1: allclose=True tight(0.002)=True max|diff|=6.104e-05 errbits=none
    epoch 2: allclose=True tight(0.002)=True max|diff|=6.104e-05 errbits=none
    epoch 3: allclose=True tight(0.002)=True max|diff|=3.052e-05 errbits=none
    epoch cells: all == 3
    signal cells: all == 3

=== m=512 n=4096 k=12288 bias=1 ===
              config_row = 2
                      bm = 64
                      bn = 64
                      bk = 64
                      eb = 64
              lrow_count = 1
               col_count = 64
              gemm_tiles = 512
               red_tiles = 64
           num_gemm_ctas = 272
        num_reducer_ctas = 32
                  even_k = True
                  even_n = True
        packet_fast_path = True
               lds_bytes = 32768
      signal_words_total = 1088
                 k_local = 1536
    epoch 1: allclose=True tight(0.002)=True max|diff|=4.883e-04 errbits=none
    epoch 2: allclose=True tight(0.002)=True max|diff|=4.883e-04 errbits=none
    epoch 3: allclose=True tight(0.002)=True max|diff|=4.883e-04 errbits=none
    epoch cells: all == 3
    signal cells: all == 3

=== m=2048 n=2880 k=2880 bias=1 ===
              config_row = 3
                      bm = 128
                      bn = 256
                      bk = 32
                      eb = 128
              lrow_count = 2
               col_count = 12
              gemm_tiles = 192
               red_tiles = 24
           num_gemm_ctas = 272
        num_reducer_ctas = 32
                  even_k = False
                  even_n = False
        packet_fast_path = True
               lds_bytes = 49152
      signal_words_total = 448
                 k_local = 360
    epoch 1: allclose=True tight(0.002)=True max|diff|=4.883e-04 errbits=none
    epoch 2: allclose=True tight(0.002)=True max|diff|=4.883e-04 errbits=none
    epoch 3: allclose=True tight(0.002)=True max|diff|=4.883e-04 errbits=none
    epoch cells: all == 3
    signal cells: all == 3

=== m=4096 n=4096 k=4096 bias=0 ===
              config_row = 4
                      bm = 256
                      bn = 256
                      bk = 32
                      eb = 256
              lrow_count = 2
               col_count = 16
              gemm_tiles = 256
               red_tiles = 32
           num_gemm_ctas = 272
        num_reducer_ctas = 32
                  even_k = True
                  even_n = True
        packet_fast_path = True
               lds_bytes = 65536
      signal_words_total = 576
                 k_local = 512
    epoch 1: allclose=True tight(0.002)=True max|diff|=3.052e-05 errbits=none
    epoch 2: allclose=True tight(0.002)=True max|diff|=3.052e-05 errbits=none
    epoch 3: allclose=True tight(0.002)=True max|diff|=3.052e-05 errbits=none
    epoch cells: all == 3
    signal cells: all == 3

=== m=8192 n=4096 k=14336 bias=1 ===
              config_row = 5
                      bm = 256
                      bn = 256
                      bk = 32
                      eb = 256
              lrow_count = 4
               col_count = 16
              gemm_tiles = 512
               red_tiles = 64
           num_gemm_ctas = 272
        num_reducer_ctas = 32
                  even_k = True
                  even_n = True
        packet_fast_path = True
               lds_bytes = 65536
      signal_words_total = 1088
                 k_local = 1792
    epoch 1: allclose=True tight(0.002)=True max|diff|=4.883e-04 errbits=none
    epoch 2: allclose=True tight(0.002)=True max|diff|=4.883e-04 errbits=none
    epoch 3: allclose=True tight(0.002)=True max|diff|=4.883e-04 errbits=none
    epoch cells: all == 3
    signal cells: all == 3

=== m=8192 n=8192 k=29568 bias=0 ===
              config_row = 6
                      bm = 256
                      bn = 256
                      bk = 32
                      eb = 256
              lrow_count = 4
               col_count = 32
              gemm_tiles = 1024
               red_tiles = 128
           num_gemm_ctas = 272
        num_reducer_ctas = 32
                  even_k = False
                  even_n = True
        packet_fast_path = True
               lds_bytes = 65536
      signal_words_total = 2112
                 k_local = 3696
    epoch 1: allclose=True tight(0.002)=True max|diff|=1.221e-04 errbits=none
    epoch 2: allclose=True tight(0.002)=True max|diff|=1.221e-04 errbits=none
    epoch 3: allclose=True tight(0.002)=True max|diff|=1.221e-04 errbits=none
    epoch cells: all == 3
    signal cells: all == 3

=== m=64 n=2880 k=2880 bias=1 ===
              config_row = 0
                      bm = 32
                      bn = 64
                      bk = 64
                      eb = 8
              lrow_count = 1
               col_count = 45
              gemm_tiles = 90
               red_tiles = 45
           num_gemm_ctas = 280
        num_reducer_ctas = 24
                  even_k = False
                  even_n = True
        packet_fast_path = True
               lds_bytes = 24576
      signal_words_total = 784
                 k_local = 360
    epoch 1: allclose=True tight(0.002)=True max|diff|=4.883e-04 errbits=none
    epoch 2: allclose=True tight(0.002)=True max|diff|=4.883e-04 errbits=none
    epoch 3: allclose=True tight(0.002)=True max|diff|=4.883e-04 errbits=none
    epoch cells: all == 3
    signal cells: all == 3

=== m=64 n=3584 k=14336 bias=1 ===
              config_row = 0
                      bm = 32
                      bn = 64
                      bk = 64
                      eb = 8
              lrow_count = 1
               col_count = 56
              gemm_tiles = 112
               red_tiles = 56
           num_gemm_ctas = 280
        num_reducer_ctas = 24
                  even_k = True
                  even_n = True
        packet_fast_path = True
               lds_bytes = 24576
      signal_words_total = 960
                 k_local = 1792
    epoch 1: allclose=True tight(0.002)=True max|diff|=4.883e-04 errbits=none
    epoch 2: allclose=True tight(0.002)=True max|diff|=4.883e-04 errbits=none
    epoch 3: allclose=True tight(0.002)=True max|diff|=4.883e-04 errbits=none
    epoch cells: all == 3
    signal cells: all == 3

=== m=512 n=3584 k=14336 bias=1 ===
              config_row = 0
                      bm = 32
                      bn = 64
                      bk = 64
                      eb = 32
              lrow_count = 2
               col_count = 56
              gemm_tiles = 896
               red_tiles = 112
           num_gemm_ctas = 280
        num_reducer_ctas = 24
                  even_k = True
                  even_n = True
        packet_fast_path = True
               lds_bytes = 24576
      signal_words_total = 1856
                 k_local = 1792
    epoch 1: allclose=True tight(0.002)=True max|diff|=4.883e-04 errbits=none
    epoch 2: allclose=True tight(0.002)=True max|diff|=4.883e-04 errbits=none
    epoch 3: allclose=True tight(0.002)=True max|diff|=4.883e-04 errbits=none
    epoch cells: all == 3
    signal cells: all == 3

=== m=512 n=4608 k=36864 bias=0 ===
              config_row = 0
                      bm = 32
                      bn = 64
                      bk = 64
                      eb = 32
              lrow_count = 2
               col_count = 72
              gemm_tiles = 1152
               red_tiles = 144
           num_gemm_ctas = 280
        num_reducer_ctas = 24
                  even_k = True
                  even_n = True
        packet_fast_path = True
               lds_bytes = 24576
      signal_words_total = 2368
                 k_local = 4608
    epoch 1: allclose=True tight(0.002)=True max|diff|=1.221e-04 errbits=none
    epoch 2: allclose=True tight(0.002)=True max|diff|=6.104e-05 errbits=none
    epoch 3: allclose=True tight(0.002)=True max|diff|=1.221e-04 errbits=none
    epoch cells: all == 3
    signal cells: all == 3

=== m=2048 n=4096 k=7168 bias=0 ===
              config_row = 0
                      bm = 32
                      bn = 64
                      bk = 64
                      eb = 32
              lrow_count = 8
               col_count = 64
              gemm_tiles = 4096
               red_tiles = 512
           num_gemm_ctas = 280
        num_reducer_ctas = 24
                  even_k = True
                  even_n = True
        packet_fast_path = True
               lds_bytes = 24576
      signal_words_total = 8256
                 k_local = 896
    epoch 1: allclose=True tight(0.002)=True max|diff|=6.104e-05 errbits=none
    epoch 2: allclose=True tight(0.002)=True max|diff|=6.104e-05 errbits=none
    epoch 3: allclose=True tight(0.002)=True max|diff|=3.052e-05 errbits=none
    epoch cells: all == 3
    signal cells: all == 3

=== m=2048 n=8192 k=30720 bias=0 ===
              config_row = 0
                      bm = 32
                      bn = 64
                      bk = 64
                      eb = 32
              lrow_count = 8
               col_count = 128
              gemm_tiles = 8192
               red_tiles = 1024
           num_gemm_ctas = 280
        num_reducer_ctas = 24
                  even_k = True
                  even_n = True
        packet_fast_path = True
               lds_bytes = 24576
      signal_words_total = 16448
                 k_local = 3840
    epoch 1: allclose=True tight(0.002)=True max|diff|=1.221e-04 errbits=none
    epoch 2: allclose=True tight(0.002)=True max|diff|=1.221e-04 errbits=none
    epoch 3: allclose=True tight(0.002)=True max|diff|=1.221e-04 errbits=none
    epoch cells: all == 3
    signal cells: all == 3

=== m=4096 n=2880 k=2880 bias=1 ===
              config_row = 0
                      bm = 32
                      bn = 64
                      bk = 64
                      eb = 32
              lrow_count = 16
               col_count = 45
              gemm_tiles = 5760
               red_tiles = 720
           num_gemm_ctas = 280
        num_reducer_ctas = 24
                  even_k = False
                  even_n = True
        packet_fast_path = True
               lds_bytes = 24576
      signal_words_total = 11584
                 k_local = 360
    epoch 1: allclose=True tight(0.002)=True max|diff|=4.883e-04 errbits=none
    epoch 2: allclose=True tight(0.002)=True max|diff|=4.883e-04 errbits=none
    epoch 3: allclose=True tight(0.002)=True max|diff|=4.883e-04 errbits=none
    epoch cells: all == 3
    signal cells: all == 3

=== m=4096 n=8192 k=2048 bias=1 ===
              config_row = 0
                      bm = 32
                      bn = 64
                      bk = 64
                      eb = 32
              lrow_count = 16
               col_count = 128
              gemm_tiles = 16384
               red_tiles = 2048
           num_gemm_ctas = 280
        num_reducer_ctas = 24
                  even_k = True
                  even_n = True
        packet_fast_path = True
               lds_bytes = 24576
      signal_words_total = 32832
                 k_local = 256
    epoch 1: allclose=True tight(0.002)=True max|diff|=4.883e-04 errbits=none
    epoch 2: allclose=True tight(0.002)=True max|diff|=4.883e-04 errbits=none
    epoch 3: allclose=True tight(0.002)=True max|diff|=4.883e-04 errbits=none
    epoch cells: all == 3
    signal cells: all == 3

=== m=8192 n=3584 k=14336 bias=1 ===
              config_row = 0
                      bm = 32
                      bn = 64
                      bk = 64
                      eb = 32
              lrow_count = 32
               col_count = 56
              gemm_tiles = 14336
               red_tiles = 1792
           num_gemm_ctas = 280
        num_reducer_ctas = 24
                  even_k = True
                  even_n = True
        packet_fast_path = True
               lds_bytes = 24576
      signal_words_total = 28736
                 k_local = 1792
    epoch 1: allclose=True tight(0.002)=True max|diff|=4.883e-04 errbits=none
    epoch 2: allclose=True tight(0.002)=True max|diff|=4.883e-04 errbits=none
    epoch 3: allclose=True tight(0.002)=True max|diff|=4.883e-04 errbits=none
    epoch cells: all == 3
    signal cells: all == 3

=== m=8192 n=4608 k=36864 bias=1 ===
              config_row = 0
                      bm = 32
                      bn = 64
                      bk = 64
                      eb = 32
              lrow_count = 32
               col_count = 72
              gemm_tiles = 18432
               red_tiles = 2304
           num_gemm_ctas = 280
        num_reducer_ctas = 24
                  even_k = True
                  even_n = True
        packet_fast_path = True
               lds_bytes = 24576
      signal_words_total = 36928
                 k_local = 4608
    epoch 1: allclose=True tight(0.002)=True max|diff|=4.883e-04 errbits=none
    epoch 2: allclose=True tight(0.002)=True max|diff|=4.883e-04 errbits=none
    epoch 3: allclose=True tight(0.002)=True max|diff|=4.883e-04 errbits=none
    epoch cells: all == 3
    signal cells: all == 3

=== m=8192 n=8192 k=28672 bias=0 ===
              config_row = 0
                      bm = 32
                      bn = 64
                      bk = 64
                      eb = 32
              lrow_count = 32
               col_count = 128
              gemm_tiles = 32768
               red_tiles = 4096
           num_gemm_ctas = 280
        num_reducer_ctas = 24
                  even_k = True
                  even_n = True
        packet_fast_path = True
               lds_bytes = 24576
      signal_words_total = 65600
                 k_local = 3584
    epoch 1: allclose=True tight(0.002)=True max|diff|=1.221e-04 errbits=none
    epoch 2: allclose=True tight(0.002)=True max|diff|=1.221e-04 errbits=none
    epoch 3: allclose=True tight(0.002)=True max|diff|=1.221e-04 errbits=none
    epoch cells: all == 3
    signal cells: all == 3

================================================================================================
shape                              row  ep  allclose   tight   max|diff|  errbits  verdict
------------------------------------------------------------------------------------------------
m=64 n=7168 k=18432 bias=0           1   3      True    True   6.104e-05    False     PASS
m=512 n=4096 k=12288 bias=1          2   3      True    True   4.883e-04    False     PASS
m=2048 n=2880 k=2880 bias=1          3   3      True    True   4.883e-04    False     PASS
m=4096 n=4096 k=4096 bias=0          4   3      True    True   3.052e-05    False     PASS
m=8192 n=4096 k=14336 bias=1         5   3      True    True   4.883e-04    False     PASS
m=8192 n=8192 k=29568 bias=0         6   3      True    True   1.221e-04    False     PASS
m=64 n=2880 k=2880 bias=1            0   3      True    True   4.883e-04    False     PASS
m=64 n=3584 k=14336 bias=1           0   3      True    True   4.883e-04    False     PASS
m=512 n=3584 k=14336 bias=1          0   3      True    True   4.883e-04    False     PASS
m=512 n=4608 k=36864 bias=0          0   3      True    True   1.221e-04    False     PASS
m=2048 n=4096 k=7168 bias=0          0   3      True    True   6.104e-05    False     PASS
m=2048 n=8192 k=30720 bias=0         0   3      True    True   1.221e-04    False     PASS
m=4096 n=2880 k=2880 bias=1          0   3      True    True   4.883e-04    False     PASS
m=4096 n=8192 k=2048 bias=1          0   3      True    True   4.883e-04    False     PASS
m=8192 n=3584 k=14336 bias=1         0   3      True    True   4.883e-04    False     PASS
m=8192 n=4608 k=36864 bias=1         0   3      True    True   4.883e-04    False     PASS
m=8192 n=8192 k=28672 bias=0         0   3      True    True   1.221e-04    False     PASS
------------------------------------------------------------------------------------------------
17/17 shapes PASSED
