
===== rotation 0 (shape order [0, 1, 2, 3, 4, 5]) =====
  m=64    n=7168  k=18432  bias=0  pipelined=    77.30 us  device_max=    75.63 us  single_wall=   204.26 us  skew= 103.9 us  ok
  m=512   n=4096  k=12288  bias=1  pipelined=   104.42 us  device_max=   103.26 us  single_wall=   226.37 us  skew= 105.6 us  ok
  m=2048  n=2880  k=2880   bias=1  pipelined=    90.98 us  device_max=    89.19 us  single_wall=   221.58 us  skew= 105.5 us  ok
  m=4096  n=4096  k=4096   bias=0  pipelined=   200.48 us  device_max=   199.40 us  single_wall=   326.76 us  skew= 103.6 us  ok
  m=8192  n=4096  k=14336  bias=1  pipelined=   747.86 us  device_max=   744.82 us  single_wall=   871.47 us  skew= 103.4 us  ok
  m=8192  n=8192  k=29568  bias=0  pipelined=  2488.01 us  device_max=  2484.62 us  single_wall=  2688.44 us  skew= 101.6 us  ok

===== rotation 1 (shape order [1, 2, 3, 4, 5, 0]) =====
  m=512   n=4096  k=12288  bias=1  pipelined=   104.74 us  device_max=   103.49 us  single_wall=   222.72 us  skew= 103.5 us  ok
  m=2048  n=2880  k=2880   bias=1  pipelined=    91.44 us  device_max=    89.58 us  single_wall=   217.91 us  skew= 104.1 us  ok
  m=4096  n=4096  k=4096   bias=0  pipelined=   200.98 us  device_max=   199.02 us  single_wall=   326.45 us  skew= 103.8 us  ok
  m=8192  n=4096  k=14336  bias=1  pipelined=   751.25 us  device_max=   750.22 us  single_wall=   873.65 us  skew= 102.3 us  ok
  m=8192  n=8192  k=29568  bias=0  pipelined=  2542.85 us  device_max=  2527.48 us  single_wall=  2702.11 us  skew= 102.9 us  ok
  m=64    n=7168  k=18432  bias=0  pipelined=    77.34 us  device_max=    75.79 us  single_wall=   206.67 us  skew= 105.1 us  ok

===== rotation 2 (shape order [2, 3, 4, 5, 0, 1]) =====
  m=2048  n=2880  k=2880   bias=1  pipelined=    92.63 us  device_max=    91.31 us  single_wall=   221.22 us  skew= 105.5 us  ok
  m=4096  n=4096  k=4096   bias=0  pipelined=   200.01 us  device_max=   198.03 us  single_wall=   327.31 us  skew= 105.6 us  ok
  m=8192  n=4096  k=14336  bias=1  pipelined=   752.55 us  device_max=   750.75 us  single_wall=   874.43 us  skew= 102.2 us  ok
  m=8192  n=8192  k=29568  bias=0  pipelined=  2530.01 us  device_max=  2525.31 us  single_wall=  2698.39 us  skew= 101.9 us  ok
  m=64    n=7168  k=18432  bias=0  pipelined=    77.29 us  device_max=    75.79 us  single_wall=   204.94 us  skew= 103.3 us  ok
  m=512   n=4096  k=12288  bias=1  pipelined=   105.64 us  device_max=   104.10 us  single_wall=   223.49 us  skew= 103.6 us  ok

============================================================================================================
GATE M7 - this port, six graded shapes, order-rotated (3 rotations x 50 pipelined iters)
============================================================================================================
 #     m     n      k bias row  NR   mean us   stdev  dev_max  hostIss   SOL us  x SOL  bound  ok
-------------------------------------------------------------------------------------------------
 1    64  7168  18432    0   1  32     77.31    0.03    75.74    61.87     6.46  11.97 device yes
 2   512  4096  12288    1   2  32    104.93    0.63   103.62    62.29     8.19  12.81 device yes
 3  2048  2880   2880    1   3  32     91.68    0.85    90.03    62.70    23.04   3.98 device yes
 4  4096  4096   4096    0   4  32    200.49    0.48   198.82    62.17    65.54   3.06 device yes
 5  8192  4096  14336    1   5  32    750.55    2.42   748.60    61.96   131.07   5.73 device yes
 6  8192  8192  29568    0   6  32   2520.29   28.68  2512.47    62.89   379.43   6.64 device yes
-------------------------------------------------------------------------------------------------
geometric mean (pipelined wall) :    256.09 us
geometric mean (device max)     :    253.31 us
geometric mean (published SOL)  :     39.80 us
ratio to SOL                    :      6.43x
all shapes correct              : True

wrote m7_results.json
