################ provenance ################
gemm_rs_mi300x.cpp                       5f9f47258842c64d
gemm_rs_mi300x_hk_adapter.cuh            e9b3d1c17d49ee0b
gemm_rs_mi300x_constants.cuh             c993b2a6004a6977
hipcc                                    HIP version: 7.2.53211-c2d9476115
utc                                      20260812T110649Z

################ compile (-c, host CPU only) ################
compile exit=0  wall=11s  (log: isa/compile.log)
      |             ^~~~~~~~~~~~~~~~~~~~~~~~~~~~~~~~~~~~~~~~~~~~~~~~~~~~~~~~~~~~~~~~~~~~~~~~~~~~~~~~~~~~~~~~~~~~~~~~~~~~~~~~~~~
1 warning generated when compiling for host.
ISA file: /home/subvadla/dhk/distributed-kernels/gemm_rs/overnight/aug11/exp_27_mainloop/isa/gemm_rs_mi300x-hip-amdgcn-amd-amdhsa-gfx942.s  (26009 lines)

################ resource tuple (from compile.log) ################

gemm_rs_mi300x.cpp:359:0: Function Name: _Z21gemm_rs_mi300x_kernelILi32ELi64ELi128ELb0EEv14mi300x_globals
   gemm_rs_mi300x.cpp:359:0:     TotalSGPRs: 106
   gemm_rs_mi300x.cpp:359:0:     VGPRs: 98
   gemm_rs_mi300x.cpp:359:0:     AGPRs: 0
   gemm_rs_mi300x.cpp:359:0:     ScratchSize [bytes/lane]: 0
   gemm_rs_mi300x.cpp:359:0:     Occupancy [waves/SIMD]: 4
   gemm_rs_mi300x.cpp:359:0:     SGPRs Spill: 54
   gemm_rs_mi300x.cpp:359:0:     VGPRs Spill: 0
   gemm_rs_mi300x.cpp:359:0:     LDS Size [bytes/block]: 0

gemm_rs_mi300x.cpp:359:0: Function Name: _Z21gemm_rs_mi300x_kernelILi64ELi128ELi64ELb0EEv14mi300x_globals
   gemm_rs_mi300x.cpp:359:0:     TotalSGPRs: 106
   gemm_rs_mi300x.cpp:359:0:     VGPRs: 104
   gemm_rs_mi300x.cpp:359:0:     AGPRs: 0
   gemm_rs_mi300x.cpp:359:0:     ScratchSize [bytes/lane]: 0
   gemm_rs_mi300x.cpp:359:0:     Occupancy [waves/SIMD]: 4
   gemm_rs_mi300x.cpp:359:0:     SGPRs Spill: 60
   gemm_rs_mi300x.cpp:359:0:     VGPRs Spill: 0
   gemm_rs_mi300x.cpp:359:0:     LDS Size [bytes/block]: 0

gemm_rs_mi300x.cpp:359:0: Function Name: _Z21gemm_rs_mi300x_kernelILi128ELi192ELi32ELb1EEv14mi300x_globals
   gemm_rs_mi300x.cpp:359:0:     TotalSGPRs: 106
   gemm_rs_mi300x.cpp:359:0:     VGPRs: 136
   gemm_rs_mi300x.cpp:359:0:     AGPRs: 0
   gemm_rs_mi300x.cpp:359:0:     ScratchSize [bytes/lane]: 0
   gemm_rs_mi300x.cpp:359:0:     Occupancy [waves/SIMD]: 3
   gemm_rs_mi300x.cpp:359:0:     SGPRs Spill: 79
   gemm_rs_mi300x.cpp:359:0:     VGPRs Spill: 0
   gemm_rs_mi300x.cpp:359:0:     LDS Size [bytes/block]: 0

gemm_rs_mi300x.cpp:359:0: Function Name: _Z21gemm_rs_mi300x_kernelILi256ELi256ELi32ELb0EEv14mi300x_globals
   gemm_rs_mi300x.cpp:359:0:     TotalSGPRs: 106
   gemm_rs_mi300x.cpp:359:0:     VGPRs: 246
   gemm_rs_mi300x.cpp:359:0:     AGPRs: 0
   gemm_rs_mi300x.cpp:359:0:     ScratchSize [bytes/lane]: 0
   gemm_rs_mi300x.cpp:359:0:     Occupancy [waves/SIMD]: 2
   gemm_rs_mi300x.cpp:359:0:     SGPRs Spill: 63
   gemm_rs_mi300x.cpp:359:0:     VGPRs Spill: 0
   gemm_rs_mi300x.cpp:359:0:     LDS Size [bytes/block]: 0

gemm_rs_mi300x.cpp:359:0: Function Name: _Z21gemm_rs_mi300x_kernelILi256ELi256ELi32ELb1EEv14mi300x_globals
   gemm_rs_mi300x.cpp:359:0:     TotalSGPRs: 106
   gemm_rs_mi300x.cpp:359:0:     VGPRs: 248
   gemm_rs_mi300x.cpp:359:0:     AGPRs: 0
   gemm_rs_mi300x.cpp:359:0:     ScratchSize [bytes/lane]: 0
   gemm_rs_mi300x.cpp:359:0:     Occupancy [waves/SIMD]: 2
   gemm_rs_mi300x.cpp:359:0:     SGPRs Spill: 79
   gemm_rs_mi300x.cpp:359:0:     VGPRs Spill: 0
   gemm_rs_mi300x.cpp:359:0:     LDS Size [bytes/block]: 0

gemm_rs_mi300x.cpp:359:0: Function Name: _Z21gemm_rs_mi300x_kernelILi32ELi64ELi64ELb0EEv14mi300x_globals
   gemm_rs_mi300x.cpp:359:0:     TotalSGPRs: 106
   gemm_rs_mi300x.cpp:359:0:     VGPRs: 91
   gemm_rs_mi300x.cpp:359:0:     AGPRs: 0
   gemm_rs_mi300x.cpp:359:0:     ScratchSize [bytes/lane]: 0
   gemm_rs_mi300x.cpp:359:0:     Occupancy [waves/SIMD]: 5
   gemm_rs_mi300x.cpp:359:0:     SGPRs Spill: 58
   gemm_rs_mi300x.cpp:359:0:     VGPRs Spill: 0
   gemm_rs_mi300x.cpp:359:0:     LDS Size [bytes/block]: 0

gemm_rs_mi300x.cpp:359:0: Function Name: _Z21gemm_rs_mi300x_kernelILi32ELi64ELi64ELb1EEv14mi300x_globals
   gemm_rs_mi300x.cpp:359:0:     TotalSGPRs: 106
   gemm_rs_mi300x.cpp:359:0:     VGPRs: 92
   gemm_rs_mi300x.cpp:359:0:     AGPRs: 0
   gemm_rs_mi300x.cpp:359:0:     ScratchSize [bytes/lane]: 0
   gemm_rs_mi300x.cpp:359:0:     Occupancy [waves/SIMD]: 5
   gemm_rs_mi300x.cpp:359:0:     SGPRs Spill: 88
   gemm_rs_mi300x.cpp:359:0:     VGPRs Spill: 0
   gemm_rs_mi300x.cpp:359:0:     LDS Size [bytes/block]: 0

################ whole-TU opcode inventory ################
v_mfma_f32_16x16x16        184
v_mfma_f32_32x32x8         0
v_mfma                     184
ds_read_b128               7
ds_read2_b64               0
ds_read_b64                110
ds_read_b32                0
ds_write_b128              0
ds_write2_b64              0
ds_write_b64               84
ds_write_b32               0
global_load_dwordx4        98
s_barrier                  98
scratch_store              0
v_accvgpr                  0

################ k-loop census ################
==============================================================================
k-loop instruction census, per wave per trip  (COUNTED from ISA)
==============================================================================

### <32,64,128,false>   (_Z21gemm_rs_mi300x_kernelILi32ELi64ELi128ELb0EEv14mi300x_glo)
   loop blocks .LBB0_91 .. .LBB0_91  (1 blocks)
     .LBB0_91     n=147  {'barrier': 1, 'branch': 2, 'ds_read': 16, 'ds_write': 6, 'mfma': 8, 'nop': 2, 'salu': 22, 'valu': 81, 'vmem_load': 3, 'waitcnt': 6}
   TOTAL/trip: {'barrier': 1, 'branch': 2, 'ds_read': 16, 'ds_write': 6, 'mfma': 8, 'nop': 2, 'salu': 22, 'valu': 81, 'vmem_load': 3, 'waitcnt': 6}
   widths    : {'ds_read_b64': 16, 'ds_write_b64': 6, 'global_load_dwordx4': 3}
   waitcnts  : {'lgkmcnt(0)': 4, 'vmcnt(0)': 2}

### <64,128,64,false>   (_Z21gemm_rs_mi300x_kernelILi64ELi128ELi64ELb0EEv14mi300x_glo)
   loop blocks .LBB1_91 .. .LBB1_91  (1 blocks)
     .LBB1_91     n=137  {'barrier': 1, 'branch': 1, 'ds_read': 16, 'ds_write': 6, 'mfma': 16, 'nop': 2, 'salu': 23, 'valu': 63, 'vmem_load': 3, 'waitcnt': 6}
   TOTAL/trip: {'barrier': 1, 'branch': 1, 'ds_read': 16, 'ds_write': 6, 'mfma': 16, 'nop': 2, 'salu': 23, 'valu': 63, 'vmem_load': 3, 'waitcnt': 6}
   widths    : {'ds_read_b64': 16, 'ds_write_b64': 6, 'global_load_dwordx4': 3}
   waitcnts  : {'lgkmcnt(0)': 4, 'vmcnt(0)': 2}

### <128,192,32,true>   (_Z21gemm_rs_mi300x_kernelILi128ELi192ELi32ELb1EEv14mi300x_gl)
   loop blocks .LBB2_95 .. %bb.104  (10 blocks)
     .LBB2_95     n=14   {'branch': 1, 'salu': 9, 'valu': 2, 'vmem_load': 2}
     %bb.96       n=2    {'valu': 1, 'vmem_load': 1}
     .LBB2_97     n=29   {'branch': 1, 'ds_read': 7, 'salu': 10, 'valu': 10, 'waitcnt': 1}
     %bb.98       n=30   {'salu': 10, 'valu': 20}
     .LBB2_99     n=30   {'branch': 1, 'ds_read': 7, 'mfma': 12, 'salu': 1, 'valu': 8, 'waitcnt': 1}
     %bb.100      n=30   {'salu': 10, 'valu': 20}
     .LBB2_101    n=45   {'branch': 1, 'ds_write': 4, 'mfma': 12, 'salu': 9, 'valu': 16, 'waitcnt': 3}
     %bb.102      n=10   {'ds_write': 2, 'valu': 8}
     .LBB2_103    n=5    {'barrier': 1, 'branch': 1, 'salu': 2, 'waitcnt': 1}
     %bb.104      n=2    {'branch': 1, 'salu': 1}
   TOTAL/trip: {'barrier': 1, 'branch': 6, 'ds_read': 14, 'ds_write': 6, 'mfma': 24, 'salu': 52, 'valu': 85, 'vmem_load': 3, 'waitcnt': 6}
   widths    : {'ds_read_b64': 14, 'ds_write_b64': 6, 'global_load_dwordx4': 3}
   waitcnts  : {'lgkmcnt(0)': 4, 'vmcnt(0)': 2}

### <256,256,32,false>   (_Z21gemm_rs_mi300x_kernelILi256ELi256ELi32ELb0EEv14mi300x_gl)
   loop blocks .LBB3_90 .. .LBB3_90  (1 blocks)
     .LBB3_90     n=194  {'barrier': 1, 'branch': 2, 'ds_read': 24, 'ds_write': 8, 'mfma': 64, 'nop': 3, 'salu': 24, 'valu': 58, 'vmem_load': 4, 'waitcnt': 6}
   TOTAL/trip: {'barrier': 1, 'branch': 2, 'ds_read': 24, 'ds_write': 8, 'mfma': 64, 'nop': 3, 'salu': 24, 'valu': 58, 'vmem_load': 4, 'waitcnt': 6}
   widths    : {'ds_read_b64': 24, 'ds_write_b64': 8, 'global_load_dwordx4': 4}
   waitcnts  : {'lgkmcnt(0)': 4, 'vmcnt(0)': 2}

### <256,256,32,true>   (_Z21gemm_rs_mi300x_kernelILi256ELi256ELi32ELb1EEv14mi300x_gl)
   loop blocks .LBB4_90 .. .LBB4_93  (4 blocks)
     .LBB4_90     n=90   {'barrier': 1, 'branch': 1, 'ds_write': 8, 'mfma': 32, 'salu': 8, 'valu': 36, 'waitcnt': 4}
     .LBB4_91     n=52   {'branch': 1, 'ds_read': 12, 'nop': 1, 'salu': 19, 'valu': 14, 'vmem_load': 4, 'waitcnt': 1}
     %bb.92       n=58   {'salu': 18, 'valu': 40}
     .LBB4_93     n=57   {'branch': 1, 'ds_read': 12, 'mfma': 32, 'nop': 2, 'salu': 1, 'valu': 8, 'waitcnt': 1}
   TOTAL/trip: {'barrier': 1, 'branch': 3, 'ds_read': 24, 'ds_write': 8, 'mfma': 64, 'nop': 3, 'salu': 46, 'valu': 98, 'vmem_load': 4, 'waitcnt': 6}
   widths    : {'ds_read_b64': 24, 'ds_write_b64': 8, 'global_load_dwordx4': 4}
   waitcnts  : {'lgkmcnt(0)': 4, 'vmcnt(0)': 2}

### <32,64,64,false>   (_Z21gemm_rs_mi300x_kernelILi32ELi64ELi64ELb0EEv14mi300x_glob)
   loop blocks .LBB5_95 .. %bb.100  (6 blocks)
     .LBB5_95     n=6    {'branch': 1, 'salu': 5}
     %bb.96       n=4    {'salu': 2, 'valu': 1, 'vmem_load': 1}
     .LBB5_97     n=66   {'branch': 1, 'ds_read': 8, 'mfma': 4, 'nop': 3, 'salu': 11, 'valu': 35, 'vmem_load': 1, 'waitcnt': 3}
     %bb.98       n=12   {'ds_write': 2, 'salu': 2, 'valu': 8}
     .LBB5_99     n=19   {'barrier': 1, 'branch': 1, 'ds_write': 2, 'salu': 4, 'valu': 8, 'waitcnt': 3}
     %bb.100      n=2    {'branch': 1, 'salu': 1}
   TOTAL/trip: {'barrier': 1, 'branch': 4, 'ds_read': 8, 'ds_write': 4, 'mfma': 4, 'nop': 3, 'salu': 25, 'valu': 52, 'vmem_load': 2, 'waitcnt': 6}
   widths    : {'ds_read_b64': 8, 'ds_write_b64': 4, 'global_load_dwordx4': 2}
   waitcnts  : {'lgkmcnt(0)': 4, 'vmcnt(0)': 2}

### <32,64,64,true>   (_Z21gemm_rs_mi300x_kernelILi32ELi64ELi64ELb1EEv14mi300x_glob)
   loop blocks .LBB6_95 .. %bb.104  (10 blocks)
     .LBB6_95     n=6    {'branch': 1, 'salu': 5}
     %bb.96       n=4    {'salu': 2, 'valu': 1, 'vmem_load': 1}
     .LBB6_97     n=37   {'branch': 1, 'ds_read': 4, 'salu': 11, 'valu': 19, 'vmem_load': 1, 'waitcnt': 1}
     %bb.98       n=18   {'salu': 5, 'valu': 13}
     .LBB6_99     n=25   {'branch': 1, 'ds_read': 4, 'mfma': 2, 'salu': 1, 'valu': 16, 'waitcnt': 1}
     %bb.100      n=16   {'salu': 5, 'valu': 11}
     .LBB6_101    n=9    {'branch': 1, 'mfma': 2, 'nop': 1, 'salu': 4, 'waitcnt': 1}
     %bb.102      n=12   {'ds_write': 2, 'salu': 2, 'valu': 8}
     .LBB6_103    n=19   {'barrier': 1, 'branch': 1, 'ds_write': 2, 'salu': 4, 'valu': 8, 'waitcnt': 3}
     %bb.104      n=2    {'branch': 1, 'salu': 1}
   TOTAL/trip: {'barrier': 1, 'branch': 6, 'ds_read': 8, 'ds_write': 4, 'mfma': 4, 'nop': 1, 'salu': 40, 'valu': 76, 'vmem_load': 2, 'waitcnt': 6}
   widths    : {'ds_read_b64': 8, 'ds_write_b64': 4, 'global_load_dwordx4': 2}
   waitcnts  : {'lgkmcnt(0)': 4, 'vmcnt(0)': 2}

wrote /home/subvadla/dhk/distributed-kernels/gemm_rs/overnight/aug11/exp_27_mainloop/kloop_census.json

################ housekeeping: drop the bulky temps ################
4.1M	/home/subvadla/dhk/distributed-kernels/gemm_rs/overnight/aug11/exp_27_mainloop/isa
################ DONE ################
