E4 re-open: splits=[32, 40, 48, 56, 64, 80] twin=32 arms=7 passes=14 shapes=[1, 3] scale=1.0

===== shape 1: 64x7168x18432 bias=0  row=1 32/64/64  gemm_tiles=224 red_tiles=112  iters=300 passes=14 arms=7 =====
  NR=32   NG=272  waves=1 rounds=4   WGM=4   max|diff|=6.10e-05 OK
  NR=40   NG=264  waves=1 rounds=3   WGM=4   max|diff|=6.10e-05 OK
  NR=48   NG=256  waves=1 rounds=3   WGM=4   max|diff|=6.10e-05 OK
  NR=56   NG=248  waves=1 rounds=2   WGM=4   max|diff|=6.10e-05 OK
  NR=64   NG=240  waves=1 rounds=2   WGM=4   max|diff|=6.10e-05 OK
  NR=80   NG=224  waves=1 rounds=2   WGM=4   max|diff|=6.10e-05 OK
  NR=32*  NG=272  waves=1 rounds=4   WGM=4   max|diff|=6.10e-05 OK
  pass 0: order ['32', '40', '48', '56', '64', '80', '32*']
  pass 1: order ['40', '48', '56', '64', '80', '32*', '32']
  pass 2: order ['48', '56', '64', '80', '32*', '32', '40']
  pass 3: order ['56', '64', '80', '32*', '32', '40', '48']
  pass 4: order ['64', '80', '32*', '32', '40', '48', '56']
  pass 5: order ['80', '32*', '32', '40', '48', '56', '64']
  pass 6: order ['32*', '32', '40', '48', '56', '64', '80']
  pass 7: order ['32', '40', '48', '56', '64', '80', '32*']
  pass 8: order ['40', '48', '56', '64', '80', '32*', '32']
  pass 9: order ['48', '56', '64', '80', '32*', '32', '40']
  pass 10: order ['56', '64', '80', '32*', '32', '40', '48']
  pass 11: order ['64', '80', '32*', '32', '40', '48', '56']
  pass 12: order ['80', '32*', '32', '40', '48', '56', '64']
  pass 13: order ['32*', '32', '40', '48', '56', '64', '80']
  --------------------------------------------------------------------------------------------
     NR   NG  wav  rnd  WGM      best    median  spread%    d_best     d_med  vs32_b%  vs32_m%
     32  272    1    4    4     74.46     74.51     0.80     74.20     74.29     0.00     0.00
     40  264    1    3    4     68.09     68.29     1.39     67.85     68.03    -8.56    -8.35
     48  256    1    3    4     68.37     69.24     2.13     68.11     68.97    -8.19    -7.08
     56  248    1    2    4     62.90     63.81     2.58     62.66     63.52   -15.53   -14.36
     64  240    1    2    4     63.19     64.85     3.81     62.93     64.57   -15.15   -12.97
     80  224    1    2    4     64.11     64.80     1.98     63.97     64.59   -13.90   -13.04
    32*  272    1    4    4     74.61     75.22     1.40     74.45     74.97     0.19     0.95
  NULL ARM FLOOR (NR=32 vs its twin): best 0.19%  median 0.95%   <-- believe nothing below this
  position residual %% (mean of sample/arm_median-1): 0:+0.04 1:+0.20 2:-0.19 3:+0.14 4:+0.14 5:+0.01 6:-0.23

===== shape 3: 2048x2880x2880 bias=1  row=3 128/256/32  gemm_tiles=192 red_tiles=24  iters=250 passes=14 arms=7 =====
  NR=32   NG=272  waves=1 rounds=1   WGM=4   max|diff|=4.88e-04 OK
  NR=40   NG=264  waves=1 rounds=1   WGM=4   max|diff|=4.88e-04 OK
  NR=48   NG=256  waves=1 rounds=1   WGM=4   max|diff|=4.88e-04 OK
  NR=56   NG=248  waves=1 rounds=1   WGM=4   max|diff|=4.88e-04 OK
  NR=64   NG=240  waves=1 rounds=1   WGM=4   max|diff|=4.88e-04 OK
  NR=80   NG=224  waves=1 rounds=1   WGM=4   max|diff|=4.88e-04 OK
  NR=32*  NG=272  waves=1 rounds=1   WGM=4   max|diff|=4.88e-04 OK
  pass 0: order ['32', '40', '48', '56', '64', '80', '32*']
  pass 1: order ['40', '48', '56', '64', '80', '32*', '32']
  pass 2: order ['48', '56', '64', '80', '32*', '32', '40']
  pass 3: order ['56', '64', '80', '32*', '32', '40', '48']
  pass 4: order ['64', '80', '32*', '32', '40', '48', '56']
  pass 5: order ['80', '32*', '32', '40', '48', '56', '64']
  pass 6: order ['32*', '32', '40', '48', '56', '64', '80']
  pass 7: order ['32', '40', '48', '56', '64', '80', '32*']
  pass 8: order ['40', '48', '56', '64', '80', '32*', '32']
  pass 9: order ['48', '56', '64', '80', '32*', '32', '40']
  pass 10: order ['56', '64', '80', '32*', '32', '40', '48']
  pass 11: order ['64', '80', '32*', '32', '40', '48', '56']
  pass 12: order ['80', '32*', '32', '40', '48', '56', '64']
  pass 13: order ['32*', '32', '40', '48', '56', '64', '80']
  --------------------------------------------------------------------------------------------
     NR   NG  wav  rnd  WGM      best    median  spread%    d_best     d_med  vs32_b%  vs32_m%
     32  272    1    1    4     89.39     89.61     0.46     89.11     89.37     0.00     0.00
     40  264    1    1    4     88.99     89.22     0.76     88.76     88.99    -0.45    -0.44
     48  256    1    1    4     88.64     88.96     0.50     88.36     88.69    -0.85    -0.73
     56  248    1    1    4     89.07     89.33     0.74     88.88     89.07    -0.36    -0.31
     64  240    1    1    4     89.38     89.51     0.42     89.07     89.26    -0.01    -0.11
     80  224    1    1    4     89.01     89.29     0.58     88.75     89.04    -0.43    -0.36
    32*  272    1    1    4     89.36     89.53     0.60     89.10     89.29    -0.04    -0.09
  NULL ARM FLOOR (NR=32 vs its twin): best 0.04%  median 0.09%   <-- believe nothing below this
  position residual %% (mean of sample/arm_median-1): 0:+0.03 1:-0.06 2:-0.01 3:+0.06 4:+0.06 5:+0.10 6:-0.02

================================================================================================================
UNIFORM-NR CURVE: per-shape best (and median), geomean over the measured shapes
================================================================================================================
    NR      shape1      shape3    geomean  vs NR=32
---------------------------------------------------
  [best_us]
    32       74.46       89.39      81.59     0.00%
    40       68.09       88.99      77.84    -4.59%
    48       68.37       88.64      77.84    -4.59%
    56       62.90       89.07      74.85    -8.26%
    64       63.19       89.38      75.15    -7.89%
    80       64.11       89.01      75.54    -7.41%
   32*       74.61       89.36      81.65     0.08%
  [median_us]
    32       74.51       89.61      81.71     0.00%
    40       68.29       89.22      78.06    -4.48%
    48       69.24       88.96      78.48    -3.96%
    56       63.81       89.33      75.50    -7.60%
    64       64.85       89.51      76.19    -6.76%
    80       64.80       89.29      76.07    -6.91%
   32*       75.22       89.53      82.06     0.43%

PER-SHAPE ARGMIN (screening only, and only trust a pick whose margin exceeds that shape's null floor)
  shape 1 64x7168x18432        best NR=56   (+18.39% vs 32)   median NR=56   (+16.76%)   null floor 0.19/0.95%  MOVED
  shape 3 2048x2880x2880       best NR=48   (+ 0.86% vs 32)   median NR=48   (+ 0.74%)   null floor 0.04/0.09%  MOVED

wrote /home/subvadla/dhk/distributed-kernels/gemm_rs/overnight/experiments/exp_13_cta_split/sweep_045633.json
