E4 re-open: splits=[4, 8, 16, 24, 32, 40, 48, 56, 64, 80] twin=32 arms=11 passes=11 shapes=[1, 2, 3, 4, 5, 6] scale=1.0

===== shape 1: 64x7168x18432 bias=0  row=1 32/64/64  gemm_tiles=224 red_tiles=112  iters=300 passes=11 arms=11 =====
  NR=4    NG=300  waves=1 rounds=28  WGM=4   max|diff|=6.10e-05 OK
  NR=8    NG=296  waves=1 rounds=14  WGM=4   max|diff|=6.10e-05 OK
  NR=16   NG=288  waves=1 rounds=7   WGM=4   max|diff|=6.10e-05 OK
  NR=24   NG=280  waves=1 rounds=5   WGM=4   max|diff|=6.10e-05 OK
  NR=32   NG=272  waves=1 rounds=4   WGM=4   max|diff|=6.10e-05 OK
  NR=40   NG=264  waves=1 rounds=3   WGM=4   max|diff|=6.10e-05 OK
  NR=48   NG=256  waves=1 rounds=3   WGM=4   max|diff|=6.10e-05 OK
  NR=56   NG=248  waves=1 rounds=2   WGM=4   max|diff|=6.10e-05 OK
  NR=64   NG=240  waves=1 rounds=2   WGM=4   max|diff|=6.10e-05 OK
  NR=80   NG=224  waves=1 rounds=2   WGM=4   max|diff|=6.10e-05 OK
  NR=32*  NG=272  waves=1 rounds=4   WGM=4   max|diff|=6.10e-05 OK
  pass 0: order ['4', '8', '16', '24', '32', '40', '48', '56', '64', '80', '32*']
  pass 1: order ['8', '16', '24', '32', '40', '48', '56', '64', '80', '32*', '4']
  pass 2: order ['16', '24', '32', '40', '48', '56', '64', '80', '32*', '4', '8']
  pass 3: order ['24', '32', '40', '48', '56', '64', '80', '32*', '4', '8', '16']
  pass 4: order ['32', '40', '48', '56', '64', '80', '32*', '4', '8', '16', '24']
  pass 5: order ['40', '48', '56', '64', '80', '32*', '4', '8', '16', '24', '32']
  pass 6: order ['48', '56', '64', '80', '32*', '4', '8', '16', '24', '32', '40']
  pass 7: order ['56', '64', '80', '32*', '4', '8', '16', '24', '32', '40', '48']
  pass 8: order ['64', '80', '32*', '4', '8', '16', '24', '32', '40', '48', '56']
  pass 9: order ['80', '32*', '4', '8', '16', '24', '32', '40', '48', '56', '64']
  pass 10: order ['32*', '4', '8', '16', '24', '32', '40', '48', '56', '64', '80']
  --------------------------------------------------------------------------------------------
     NR   NG  wav  rnd  WGM      best    median  spread%    d_best     d_med  vs32_b%  vs32_m%
      4  300    1   28    4    220.44    220.47     0.04    220.21    220.26   196.13   195.47
      8  296    1   14    4    136.66    136.70     0.08    136.45    136.49    83.59    83.20
     16  288    1    7    4     94.67     94.74     0.16     94.48     94.60    27.17    26.97
     24  280    1    5    4     79.70     79.81     0.25     79.51     79.64     7.06     6.95
     32  272    1    4    4     74.44     74.62     0.33     74.26     74.41     0.00     0.00
     40  264    1    3    4     68.27     68.63     1.63     68.13     68.46    -8.29    -8.02
     48  256    1    3    4     69.00     69.71     1.55     68.79     69.46    -7.30    -6.57
     56  248    1    2    4     63.44     64.16     2.63     63.26     63.85   -14.78   -14.02
     64  240    1    2    4     63.24     64.48     2.71     63.09     64.21   -15.05   -13.59
     80  224    1    2    4     63.62     64.86     3.32     63.38     64.69   -14.53   -13.08
    32*  272    1    4    4     75.44     75.77     0.82     75.18     75.58     1.34     1.55
  NULL ARM FLOOR (NR=32 vs its twin): best 1.34%  median 1.55%   <-- believe nothing below this
  position residual %% (mean of sample/arm_median-1): 0:-0.30 1:-0.16 2:+0.01 3:+0.09 4:-0.28 5:-0.06 6:+0.09 7:+0.08 8:+0.07 9:+0.26 10:-0.07

===== shape 2: 512x4096x12288 bias=1  row=2 64/64/64  gemm_tiles=512 red_tiles=64  iters=250 passes=11 arms=11 =====
  NR=4    NG=300  waves=2 rounds=16  WGM=8   max|diff|=4.88e-04 OK
  NR=8    NG=296  waves=2 rounds=8   WGM=8   max|diff|=4.88e-04 OK
  NR=16   NG=288  waves=2 rounds=4   WGM=8   max|diff|=4.88e-04 OK
  NR=24   NG=280  waves=2 rounds=3   WGM=8   max|diff|=4.88e-04 OK
  NR=32   NG=272  waves=2 rounds=2   WGM=8   max|diff|=4.88e-04 OK
  NR=40   NG=264  waves=2 rounds=2   WGM=8   max|diff|=4.88e-04 OK
  NR=48   NG=256  waves=2 rounds=2   WGM=8   max|diff|=4.88e-04 OK
  NR=56   NG=248  waves=3 rounds=2   WGM=8   max|diff|=4.88e-04 OK
  NR=64   NG=240  waves=3 rounds=1   WGM=8   max|diff|=4.88e-04 OK
  NR=80   NG=224  waves=3 rounds=1   WGM=8   max|diff|=4.88e-04 OK
  NR=32*  NG=272  waves=2 rounds=2   WGM=8   max|diff|=4.88e-04 OK
  pass 0: order ['4', '8', '16', '24', '32', '40', '48', '56', '64', '80', '32*']
  pass 1: order ['8', '16', '24', '32', '40', '48', '56', '64', '80', '32*', '4']
  pass 2: order ['16', '24', '32', '40', '48', '56', '64', '80', '32*', '4', '8']
  pass 3: order ['24', '32', '40', '48', '56', '64', '80', '32*', '4', '8', '16']
  pass 4: order ['32', '40', '48', '56', '64', '80', '32*', '4', '8', '16', '24']
  pass 5: order ['40', '48', '56', '64', '80', '32*', '4', '8', '16', '24', '32']
  pass 6: order ['48', '56', '64', '80', '32*', '4', '8', '16', '24', '32', '40']
  pass 7: order ['56', '64', '80', '32*', '4', '8', '16', '24', '32', '40', '48']
  pass 8: order ['64', '80', '32*', '4', '8', '16', '24', '32', '40', '48', '56']
  pass 9: order ['80', '32*', '4', '8', '16', '24', '32', '40', '48', '56', '64']
  pass 10: order ['32*', '4', '8', '16', '24', '32', '40', '48', '56', '64', '80']
  --------------------------------------------------------------------------------------------
     NR   NG  wav  rnd  WGM      best    median  spread%    d_best     d_med  vs32_b%  vs32_m%
      4  300    2   16    8    179.71    179.81     0.14    179.40    179.50   109.74   109.24
      8  296    2    8    8    114.79    115.10     0.40    114.54    114.87    33.98    33.94
     16  288    2    4    8     91.99     92.10     0.27     91.73     91.79     7.37     7.18
     24  280    2    3    8     91.82     91.98     0.39     91.58     91.71     7.16     7.03
     32  272    2    2    8     85.68     85.93     0.39     85.39     85.66     0.00     0.00
     40  264    2    2    8     85.66     85.80     0.32     85.45     85.51    -0.02    -0.16
     48  256    2    2    8     85.95     86.07     0.32     85.72     85.80     0.32     0.16
     56  248    3    2    8    105.60    105.79     0.60    105.32    105.49    23.25    23.10
     64  240    3    1    8    104.07    104.30     0.40    103.79    104.00    21.46    21.38
     80  224    3    1    8    102.52    102.76     0.42    102.28    102.52    19.65    19.58
    32*  272    2    2    8     86.16     86.23     0.41     85.85     85.96     0.56     0.34
  NULL ARM FLOOR (NR=32 vs its twin): best 0.56%  median 0.34%   <-- believe nothing below this
  position residual %% (mean of sample/arm_median-1): 0:+0.06 1:-0.01 2:+0.04 3:-0.05 4:+0.07 5:+0.05 6:+0.01 7:-0.02 8:-0.00 9:-0.04 10:-0.02

===== shape 3: 2048x2880x2880 bias=1  row=3 128/256/32  gemm_tiles=192 red_tiles=24  iters=250 passes=11 arms=11 =====
  NR=4    NG=300  waves=1 rounds=6   WGM=4   max|diff|=4.88e-04 OK
  NR=8    NG=296  waves=1 rounds=3   WGM=4   max|diff|=4.88e-04 OK
  NR=16   NG=288  waves=1 rounds=2   WGM=4   max|diff|=4.88e-04 OK
  NR=24   NG=280  waves=1 rounds=1   WGM=4   max|diff|=4.88e-04 OK
  NR=32   NG=272  waves=1 rounds=1   WGM=4   max|diff|=4.88e-04 OK
  NR=40   NG=264  waves=1 rounds=1   WGM=4   max|diff|=4.88e-04 OK
  NR=48   NG=256  waves=1 rounds=1   WGM=4   max|diff|=4.88e-04 OK
  NR=56   NG=248  waves=1 rounds=1   WGM=4   max|diff|=4.88e-04 OK
  NR=64   NG=240  waves=1 rounds=1   WGM=4   max|diff|=4.88e-04 OK
  NR=80   NG=224  waves=1 rounds=1   WGM=4   max|diff|=4.88e-04 OK
  NR=32*  NG=272  waves=1 rounds=1   WGM=4   max|diff|=4.88e-04 OK
  pass 0: order ['4', '8', '16', '24', '32', '40', '48', '56', '64', '80', '32*']
  pass 1: order ['8', '16', '24', '32', '40', '48', '56', '64', '80', '32*', '4']
  pass 2: order ['16', '24', '32', '40', '48', '56', '64', '80', '32*', '4', '8']
  pass 3: order ['24', '32', '40', '48', '56', '64', '80', '32*', '4', '8', '16']
  pass 4: order ['32', '40', '48', '56', '64', '80', '32*', '4', '8', '16', '24']
  pass 5: order ['40', '48', '56', '64', '80', '32*', '4', '8', '16', '24', '32']
  pass 6: order ['48', '56', '64', '80', '32*', '4', '8', '16', '24', '32', '40']
  pass 7: order ['56', '64', '80', '32*', '4', '8', '16', '24', '32', '40', '48']
  pass 8: order ['64', '80', '32*', '4', '8', '16', '24', '32', '40', '48', '56']
  pass 9: order ['80', '32*', '4', '8', '16', '24', '32', '40', '48', '56', '64']
  pass 10: order ['32*', '4', '8', '16', '24', '32', '40', '48', '56', '64', '80']
  --------------------------------------------------------------------------------------------
     NR   NG  wav  rnd  WGM      best    median  spread%    d_best     d_med  vs32_b%  vs32_m%
      4  300    1    6    4    151.24    151.50     0.41    150.95    151.22    69.16    69.10
      8  296    1    3    4    114.52    114.68     0.23    114.26    114.42    28.09    28.00
     16  288    1    2    4    101.27    101.62     0.76    101.10    101.37    13.26    13.42
     24  280    1    1    4     88.95     89.19     0.44     88.64     88.90    -0.52    -0.44
     32  272    1    1    4     89.41     89.59     0.41     89.10     89.28     0.00     0.00
     40  264    1    1    4     89.18     89.29     0.30     88.95     89.07    -0.26    -0.34
     48  256    1    1    4     89.08     89.19     0.37     88.83     88.94    -0.37    -0.45
     56  248    1    1    4     88.61     88.84     0.53     88.29     88.66    -0.89    -0.84
     64  240    1    1    4     88.80     89.01     0.44     88.53     88.73    -0.69    -0.65
     80  224    1    1    4     88.84     88.99     0.47     88.57     88.74    -0.63    -0.67
    32*  272    1    1    4     88.87     89.27     0.55     88.64     88.99    -0.61    -0.36
  NULL ARM FLOOR (NR=32 vs its twin): best 0.61%  median 0.36%   <-- believe nothing below this
  position residual %% (mean of sample/arm_median-1): 0:+0.02 1:+0.01 2:-0.01 3:-0.02 4:+0.08 5:+0.03 6:+0.00 7:-0.02 8:-0.00 9:-0.02 10:-0.02

===== shape 4: 4096x4096x4096 bias=0  row=4 256/256/32  gemm_tiles=256 red_tiles=32  iters=120 passes=11 arms=11 =====
  NR=4    NG=300  waves=1 rounds=8   WGM=4   max|diff|=3.05e-05 OK
  NR=8    NG=296  waves=1 rounds=4   WGM=4   max|diff|=3.05e-05 OK
  NR=16   NG=288  waves=1 rounds=2   WGM=4   max|diff|=3.05e-05 OK
  NR=24   NG=280  waves=1 rounds=2   WGM=4   max|diff|=3.05e-05 OK
  NR=32   NG=272  waves=1 rounds=1   WGM=4   max|diff|=3.05e-05 OK
  NR=40   NG=264  waves=1 rounds=1   WGM=4   max|diff|=3.05e-05 OK
  NR=48   NG=256  waves=1 rounds=1   WGM=4   max|diff|=3.05e-05 OK
  NR=56   NG=248  waves=2 rounds=1   WGM=16  max|diff|=3.05e-05 OK
  NR=64   NG=240  waves=2 rounds=1   WGM=16  max|diff|=3.05e-05 OK
  NR=80   NG=224  waves=2 rounds=1   WGM=16  max|diff|=3.05e-05 OK
  NR=32*  NG=272  waves=1 rounds=1   WGM=4   max|diff|=3.05e-05 OK
  pass 0: order ['4', '8', '16', '24', '32', '40', '48', '56', '64', '80', '32*']
  pass 1: order ['8', '16', '24', '32', '40', '48', '56', '64', '80', '32*', '4']
  pass 2: order ['16', '24', '32', '40', '48', '56', '64', '80', '32*', '4', '8']
  pass 3: order ['24', '32', '40', '48', '56', '64', '80', '32*', '4', '8', '16']
  pass 4: order ['32', '40', '48', '56', '64', '80', '32*', '4', '8', '16', '24']
  pass 5: order ['40', '48', '56', '64', '80', '32*', '4', '8', '16', '24', '32']
  pass 6: order ['48', '56', '64', '80', '32*', '4', '8', '16', '24', '32', '40']
  pass 7: order ['56', '64', '80', '32*', '4', '8', '16', '24', '32', '40', '48']
  pass 8: order ['64', '80', '32*', '4', '8', '16', '24', '32', '40', '48', '56']
  pass 9: order ['80', '32*', '4', '8', '16', '24', '32', '40', '48', '56', '64']
  pass 10: order ['32*', '4', '8', '16', '24', '32', '40', '48', '56', '64', '80']
  --------------------------------------------------------------------------------------------
     NR   NG  wav  rnd  WGM      best    median  spread%    d_best     d_med  vs32_b%  vs32_m%
      4  300    1    8    4    352.86    353.31     0.26    352.20    352.66    77.57    77.34
      8  296    1    4    4    262.91    263.65     0.40    262.32    263.02    32.31    32.34
     16  288    1    2    4    218.39    219.00     0.62    217.76    218.35     9.90     9.93
     24  280    1    2    4    218.24    218.53     0.31    217.61    217.92     9.83     9.69
     32  272    1    1    4    198.71    199.22     0.42    198.11    198.66     0.00     0.00
     40  264    1    1    4    198.64    198.81     0.39    197.98    198.22    -0.04    -0.21
     48  256    1    1    4    199.23    199.94     0.66    198.58    199.32     0.26     0.36
     56  248    2    1   16    288.73    289.12     0.37    288.41    288.86    45.30    45.12
     64  240    2    1   16    284.52    284.84     0.24    284.02    284.31    43.18    42.97
     80  224    2    1   16    283.46    284.26     0.38    283.01    283.63    42.65    42.68
    32*  272    1    1    4    199.49    199.78     0.46    198.86    199.15     0.39     0.28
  NULL ARM FLOOR (NR=32 vs its twin): best 0.39%  median 0.28%   <-- believe nothing below this
  position residual %% (mean of sample/arm_median-1): 0:+0.01 1:-0.04 2:-0.02 3:-0.01 4:-0.05 5:+0.05 6:-0.02 7:-0.06 8:-0.02 9:+0.09 10:+0.06

===== shape 5: 8192x4096x14336 bias=1  row=5 256/256/32  gemm_tiles=512 red_tiles=64  iters=50 passes=11 arms=11 =====
  NR=4    NG=300  waves=2 rounds=16  WGM=32  max|diff|=4.88e-04 OK
  NR=8    NG=296  waves=2 rounds=8   WGM=32  max|diff|=4.88e-04 OK
  NR=16   NG=288  waves=2 rounds=4   WGM=32  max|diff|=4.88e-04 OK
  NR=24   NG=280  waves=2 rounds=3   WGM=32  max|diff|=4.88e-04 OK
  NR=32   NG=272  waves=2 rounds=2   WGM=32  max|diff|=4.88e-04 OK
  NR=40   NG=264  waves=2 rounds=2   WGM=32  max|diff|=4.88e-04 OK
  NR=48   NG=256  waves=2 rounds=2   WGM=32  max|diff|=4.88e-04 OK
  NR=56   NG=248  waves=3 rounds=2   WGM=32  max|diff|=4.88e-04 OK
  NR=64   NG=240  waves=3 rounds=1   WGM=32  max|diff|=4.88e-04 OK
  NR=80   NG=224  waves=3 rounds=1   WGM=32  max|diff|=4.88e-04 OK
  NR=32*  NG=272  waves=2 rounds=2   WGM=32  max|diff|=4.88e-04 OK
  pass 0: order ['4', '8', '16', '24', '32', '40', '48', '56', '64', '80', '32*']
  pass 1: order ['8', '16', '24', '32', '40', '48', '56', '64', '80', '32*', '4']
  pass 2: order ['16', '24', '32', '40', '48', '56', '64', '80', '32*', '4', '8']
  pass 3: order ['24', '32', '40', '48', '56', '64', '80', '32*', '4', '8', '16']
  pass 4: order ['32', '40', '48', '56', '64', '80', '32*', '4', '8', '16', '24']
  pass 5: order ['40', '48', '56', '64', '80', '32*', '4', '8', '16', '24', '32']
  pass 6: order ['48', '56', '64', '80', '32*', '4', '8', '16', '24', '32', '40']
  pass 7: order ['56', '64', '80', '32*', '4', '8', '16', '24', '32', '40', '48']
  pass 8: order ['64', '80', '32*', '4', '8', '16', '24', '32', '40', '48', '56']
  pass 9: order ['80', '32*', '4', '8', '16', '24', '32', '40', '48', '56', '64']
  pass 10: order ['32*', '4', '8', '16', '24', '32', '40', '48', '56', '64', '80']
  --------------------------------------------------------------------------------------------
     NR   NG  wav  rnd  WGM      best    median  spread%    d_best     d_med  vs32_b%  vs32_m%
      4  300    2   16   32    885.12    887.88     0.38    883.52    886.26    32.23    32.27
      8  296    2    8   32    741.82    743.51     0.57    740.38    742.04    10.82    10.76
     16  288    2    4   32    685.51    686.59     0.37    684.04    685.21     2.41     2.28
     24  280    2    3   32    673.54    674.83     0.47    672.05    673.33     0.62     0.53
     32  272    2    2   32    669.39    671.26     0.58    667.72    669.55     0.00     0.00
     40  264    2    2   32    649.94    651.35     0.45    648.35    649.87    -2.91    -2.97
     48  256    2    2   32    654.55    656.39     0.42    653.08    655.07    -2.22    -2.22
     56  248    3    2   32    746.46    748.01     0.34    745.58    747.00    11.51    11.43
     64  240    3    1   32    773.36    774.37     0.26    771.84    772.93    15.53    15.36
     80  224    3    1   32    741.75    743.46     0.34    740.35    742.03    10.81    10.75
    32*  272    2    2   32    655.16    656.64     0.45    653.63    655.23    -2.13    -2.18
  NULL ARM FLOOR (NR=32 vs its twin): best 2.17%  median 2.23%   <-- believe nothing below this
  position residual %% (mean of sample/arm_median-1): 0:-0.01 1:-0.04 2:-0.03 3:-0.01 4:-0.05 5:-0.04 6:+0.07 7:+0.05 8:+0.00 9:-0.02 10:+0.01

===== shape 6: 8192x8192x29568 bias=0  row=6 256/256/32  gemm_tiles=1024 red_tiles=128  iters=25 passes=11 arms=11 =====
  NR=4    NG=300  waves=4 rounds=32  WGM=32  max|diff|=1.22e-04 OK
  NR=8    NG=296  waves=4 rounds=16  WGM=32  max|diff|=1.22e-04 OK
  NR=16   NG=288  waves=4 rounds=8   WGM=32  max|diff|=1.22e-04 OK
  NR=24   NG=280  waves=4 rounds=6   WGM=32  max|diff|=1.22e-04 OK
  NR=32   NG=272  waves=4 rounds=4   WGM=32  max|diff|=1.22e-04 OK
  NR=40   NG=264  waves=4 rounds=4   WGM=32  max|diff|=1.22e-04 OK
  NR=48   NG=256  waves=4 rounds=3   WGM=32  max|diff|=1.22e-04 OK
  NR=56   NG=248  waves=5 rounds=3   WGM=32  max|diff|=1.22e-04 OK
  NR=64   NG=240  waves=5 rounds=2   WGM=32  max|diff|=1.22e-04 OK
  NR=80   NG=224  waves=5 rounds=2   WGM=32  max|diff|=1.22e-04 OK
  NR=32*  NG=272  waves=4 rounds=4   WGM=32  max|diff|=1.22e-04 OK
  pass 0: order ['4', '8', '16', '24', '32', '40', '48', '56', '64', '80', '32*']
  pass 1: order ['8', '16', '24', '32', '40', '48', '56', '64', '80', '32*', '4']
  pass 2: order ['16', '24', '32', '40', '48', '56', '64', '80', '32*', '4', '8']
  pass 3: order ['24', '32', '40', '48', '56', '64', '80', '32*', '4', '8', '16']
  pass 4: order ['32', '40', '48', '56', '64', '80', '32*', '4', '8', '16', '24']
  pass 5: order ['40', '48', '56', '64', '80', '32*', '4', '8', '16', '24', '32']
  pass 6: order ['48', '56', '64', '80', '32*', '4', '8', '16', '24', '32', '40']
  pass 7: order ['56', '64', '80', '32*', '4', '8', '16', '24', '32', '40', '48']
  pass 8: order ['64', '80', '32*', '4', '8', '16', '24', '32', '40', '48', '56']
  pass 9: order ['80', '32*', '4', '8', '16', '24', '32', '40', '48', '56', '64']
  pass 10: order ['32*', '4', '8', '16', '24', '32', '40', '48', '56', '64', '80']
  --------------------------------------------------------------------------------------------
     NR   NG  wav  rnd  WGM      best    median  spread%    d_best     d_med  vs32_b%  vs32_m%
      4  300    4   32   32   2353.99   2362.62     0.72   2350.80   2359.04    37.80    37.09
      8  296    4   16   32   2006.70   2021.69     1.07   2003.23   2018.23    17.47    17.31
     16  288    4    8   32   1769.97   1793.14     2.17   1766.88   1790.13     3.61     4.05
     24  280    4    6   32   1761.08   1777.30     2.57   1758.75   1774.23     3.09     3.13
     32  272    4    4   32   1708.30   1723.38     2.27   1705.32   1720.41     0.00     0.00
     40  264    4    4   32   1711.48   1736.54     4.17   1708.63   1731.68     0.19     0.76
     48  256    4    3   32   1616.63   1638.72     4.88   1614.23   1635.77    -5.37    -4.91
     56  248    5    3   32   1872.12   1905.72     2.64   1868.76   1902.44     9.59    10.58
     64  240    5    2   32   1788.53   1820.91     3.02   1784.89   1817.93     4.70     5.66
     80  224    5    2   32   1710.69   1729.12     2.49   1707.53   1726.06     0.14     0.33
    32*  272    4    4   32   1726.40   1743.84     2.18   1722.45   1740.53     1.06     1.19
  NULL ARM FLOOR (NR=32 vs its twin): best 1.06%  median 1.19%   <-- believe nothing below this
  position residual %% (mean of sample/arm_median-1): 0:-0.24 1:+0.01 2:+0.33 3:-0.01 4:+0.47 5:+0.40 6:-0.13 7:+0.02 8:-0.17 9:+0.25 10:-0.01

================================================================================================================
UNIFORM-NR CURVE: per-shape best (and median), geomean over the measured shapes
================================================================================================================
    NR      shape1      shape2      shape3      shape4      shape5      shape6    geomean  vs NR=32
---------------------------------------------------------------------------------------------------
  [best_us]
     4      220.44      179.71      151.24      352.86      885.12     2353.99     404.88      nan%
     8      136.66      114.79      114.52      262.91      741.82     2006.70     298.20      nan%
    16       94.67       91.99      101.27      218.39      685.51     1769.97     248.18      nan%
    24       79.70       91.82       88.95      218.24      673.54     1761.08     235.02      nan%
    32       74.44       85.68       89.41      198.71      669.39     1708.30     224.95     0.00%
    40       68.27       85.66       89.18      198.64      649.94     1711.48     220.60    -1.94%
    48       69.00       85.95       89.08      199.23      654.55     1616.63     219.35    -2.49%
    56       63.44      105.60       88.61      288.73      746.46     1872.12     249.21    10.78%
    64       63.24      104.07       88.80      284.52      773.36     1788.53     247.52    10.03%
    80       63.62      102.52       88.84      283.46      741.75     1710.69     243.50     8.24%
   32*       75.44       86.16       88.87      199.49      655.16     1726.40     225.17     0.10%
  [median_us]
     4      220.47      179.81      151.50      353.31      887.88     2362.62     405.58      nan%
     8      136.70      115.10      114.68      263.65      743.51     2021.69     299.04      nan%
    16       94.74       92.10      101.62      219.00      686.59     1793.14     249.13      nan%
    24       79.81       91.98       89.19      218.53      674.83     1777.30     235.73      nan%
    32       74.62       85.93       89.59      199.22      671.26     1723.38     225.76     0.00%
    40       68.63       85.80       89.29      198.81      651.35     1736.54     221.54    -1.87%
    48       69.71       86.07       89.19      199.94      656.39     1638.72     220.55    -2.31%
    56       64.16      105.79       88.84      289.12      748.01     1905.72     250.74    11.06%
    64       64.48      104.30       89.01      284.84      774.37     1820.91     249.36    10.45%
    80       64.86      102.76       88.99      284.26      743.46     1729.12     245.09     8.56%
   32*       75.77       86.23       89.27      199.78      656.64     1743.84     226.05     0.13%

PER-SHAPE ARGMIN (screening only, and only trust a pick whose margin exceeds that shape's null floor)
  shape 1 64x7168x18432        best NR=64   (+17.72% vs 32)   median NR=56   (+16.30%)   null floor 1.34/1.55%  MOVED
  shape 2 512x4096x12288       best NR=40   (+ 0.02% vs 32)   median NR=40   (+ 0.16%)   null floor 0.56/0.34%  inside floor -> keep 32
  shape 3 2048x2880x2880       best NR=56   (+ 0.90% vs 32)   median NR=56   (+ 0.84%)   null floor 0.61/0.36%  MOVED
  shape 4 4096x4096x4096       best NR=40   (+ 0.04% vs 32)   median NR=40   (+ 0.21%)   null floor 0.39/0.28%  inside floor -> keep 32
  shape 5 8192x4096x14336      best NR=40   (+ 2.99% vs 32)   median NR=40   (+ 3.06%)   null floor 2.17/2.23%  MOVED
  shape 6 8192x8192x29568      best NR=48   (+ 5.67% vs 32)   median NR=48   (+ 5.17%)   null floor 1.06/1.19%  MOVED

wrote /home/subvadla/dhk/distributed-kernels/gemm_rs/overnight/experiments/exp_13_cta_split/sweep_045309.json
