
##############################################################################################################
SYMBOL <256,256,32,false>   _Z21gemm_rs_mi300x_kernelILi256ELi256ELi32ELb0EEv14mi300x_globals   lines 8942..13960
  loop Header=BB3_424    Depth=4  blocks=4   layout 13364..13413  mfma=0
  loop Header=BB3_458    Depth=4  blocks=6   layout 13627..13679  mfma=0
  loop Header=BB3_32     Depth=3  blocks=4   layout 9382..9495  mfma=0
  loop Header=BB3_110    Depth=3  blocks=345 layout 11378..13715  mfma=0
  loop Header=BB3_16     Depth=2  blocks=3   layout 9216..9244  mfma=0
  loop Header=BB3_28     Depth=2  blocks=6   layout 9331..9650  mfma=0
  loop Header=BB3_87     Depth=2  blocks=2   layout 10803..11055  mfma=64
  loop Header=BB3_94     Depth=2  blocks=3   layout 11130..11158  mfma=0
  loop Header=BB3_106    Depth=2  blocks=3   layout 11264..11377  mfma=0
  loop Header=BB3_474    Depth=2  blocks=5   layout 13794..13915  mfma=0
  loop Header=BB3_12     Depth=1  blocks=47  layout 9159..9905  mfma=0
  loop Header=BB3_84     Depth=1  blocks=22  layout 10255..13793  mfma=0

  ==== DEEPEST MFMA LOOP: Header=BB3_87 Depth=2 ====
  blocks (layout order):
    .LBB3_87        10803..11049  ( 247 lines) role=HEADER   term=s_cbranch_scc1 .LBB3_89  .LBB3_87:                               ;   
    %bb.88          11050..11055  (   6 lines) role=body/latch term=s_branch .LBB3_87  ; %bb.88:                               ;   

  ---- BLOCK .LBB3_87  10803..11049  (121 instrs) ----
     hist: v_mfma_f32_16x16x16_bf16=64  ds_read_b64=24  s_add_i32=2  s_add_u32=2  s_addc_u32=2  s_nop=2  s_waitcnt=2  s_and_b32=1  s_barrier=1  s_cbranch_scc1=1  s_cmp_eq_u32=1  s_lshl_b32=1
     sync-relevant, PROGRAM ORDER (A=inline asm, C=compiler):
        [A] x12   ds_read_b64                                L10814..L10864
        [A] x1    s_waitcnt lgkmcnt(0)                       L10868..L10868
        [C] x4    v_mfma_f32_16x16x16_bf16                   L10896..L10903
        [A] x1    ds_read_b64                                L10908..L10908
        [C] x4    v_mfma_f32_16x16x16_bf16                   L10911..L10914
        [A] x1    ds_read_b64                                L10916..L10916
        [C] x4    v_mfma_f32_16x16x16_bf16                   L10919..L10922
        [A] x1    ds_read_b64                                L10924..L10924
        [C] x4    v_mfma_f32_16x16x16_bf16                   L10927..L10930
        [A] x1    ds_read_b64                                L10932..L10932
        [C] x4    v_mfma_f32_16x16x16_bf16                   L10935..L10938
        [A] x1    ds_read_b64                                L10940..L10940
        [C] x4    v_mfma_f32_16x16x16_bf16                   L10943..L10946
        [A] x1    ds_read_b64                                L10948..L10948
        [C] x4    v_mfma_f32_16x16x16_bf16                   L10951..L10954
        [A] x1    ds_read_b64                                L10956..L10956
        [C] x4    v_mfma_f32_16x16x16_bf16                   L10959..L10962
        [A] x5    ds_read_b64                                L10964..L10984
        [A] x1    s_waitcnt lgkmcnt(0)                       L10988..L10988
        [C] x1    v_mfma_f32_16x16x16_bf16                   L11016..L11016
        [C] x1    s_barrier                                  L11017..L11017
        [C] x31   v_mfma_f32_16x16x16_bf16                   L11018..L11048

  ---- BLOCK %bb.88  11050..11055  (5 instrs) ----
     hist: s_add_i32=1  s_branch=1  s_cbranch_scc0=1  s_cmp_ge_i32=1  s_mov_b32=1
     sync-relevant, PROGRAM ORDER (A=inline asm, C=compiler):

  ==== TOTAL over all blocks of the k-loop ====
         64  v_mfma_f32_16x16x16_bf16
         24  ds_read_b64
          2  s_waitcnt
          1  s_barrier
          1  s_branch
     (all mnemonics, top 25)
         64  v_mfma_f32_16x16x16_bf16
         24  ds_read_b64
          6  v_add_u32_e32
          4  v_and_b32_e32
          4  v_lshrrev_b32_e32
          4  v_xor_b32_e32
          3  s_add_i32
          2  s_add_u32
          2  s_addc_u32
          2  s_nop
          2  s_waitcnt
          1  s_and_b32
          1  s_barrier
          1  s_branch
          1  s_cbranch_scc0
          1  s_cbranch_scc1
          1  s_cmp_eq_u32
          1  s_cmp_ge_i32
          1  s_lshl_b32
          1  s_mov_b32
  raw dump -> /home/subvadla/dhk/distributed-kernels/gemm_rs/overnight/experiments/exp_03_mainloop/isa/kloop_256_256_32_false.s

##############################################################################################################
SYMBOL <256,256,32,true>   _Z21gemm_rs_mi300x_kernelILi256ELi256ELi32ELb1EEv14mi300x_globals   lines 14006..19221
  loop Header=BB4_428    Depth=4  blocks=4   layout 18620..18669  mfma=0
  loop Header=BB4_462    Depth=4  blocks=6   layout 18883..18935  mfma=0
  loop Header=BB4_32     Depth=3  blocks=4   layout 14443..14556  mfma=0
  loop Header=BB4_114    Depth=3  blocks=345 layout 16634..18971  mfma=0
  loop Header=BB4_16     Depth=2  blocks=3   layout 14280..14308  mfma=0
  loop Header=BB4_28     Depth=2  blocks=6   layout 14392..14711  mfma=0
  loop Header=BB4_87     Depth=2  blocks=6   layout 15910..16291  mfma=64
  loop Header=BB4_98     Depth=2  blocks=3   layout 16366..16394  mfma=0
  loop Header=BB4_110    Depth=2  blocks=3   layout 16520..16633  mfma=0
  loop Header=BB4_478    Depth=2  blocks=5   layout 19055..19176  mfma=0
  loop Header=BB4_12     Depth=1  blocks=47  layout 14223..14966  mfma=0
  loop Header=BB4_84     Depth=1  blocks=22  layout 15345..19054  mfma=0

  ==== DEEPEST MFMA LOOP: Header=BB4_87 Depth=2 ====
  blocks (layout order):
    .LBB4_87        15910..16005  (  96 lines) role=HEADER   term=s_cbranch_scc1 .LBB4_89  .LBB4_87:                               ;   
    %bb.88          16006..16065  (  60 lines) role=body/latch term=fallthrough  ; %bb.88:                               ; %.
    .LBB4_89        16066..16185  ( 120 lines) role=body/latch term=s_cbranch_vccnz .LBB4_91  .LBB4_89:                               ;   
    %bb.90          16186..16245  (  60 lines) role=body/latch term=fallthrough  ; %bb.90:                               ; %.
    .LBB4_91        16246..16285  (  40 lines) role=body/latch term=s_cbranch_scc1 .LBB4_93  .LBB4_91:                               ;   
    %bb.92          16286..16291  (   6 lines) role=body/latch term=s_branch .LBB4_87  ; %bb.92:                               ;   

  ---- BLOCK .LBB4_87  15910..16005  (32 instrs) ----
     hist: ds_read_b64=12  s_add_i32=2  s_and_b32=1  s_cbranch_scc1=1  s_cmp_eq_u32=1  s_cmp_lg_u32=1  s_cselect_b64=1  s_lshl_b32=1  s_nop=1  s_waitcnt=1
     sync-relevant, PROGRAM ORDER (A=inline asm, C=compiler):
        [A] x12   ds_read_b64                                L15921..L15974
        [A] x1    s_waitcnt lgkmcnt(0)                       L15978..L15978

  ---- BLOCK %bb.88  16006..16065  (58 instrs) ----
     hist: s_mov_b64=16  s_or_b64=2
     sync-relevant, PROGRAM ORDER (A=inline asm, C=compiler):

  ---- BLOCK .LBB4_89  16066..16185  (57 instrs) ----
     hist: v_mfma_f32_16x16x16_bf16=32  ds_read_b64=12  s_nop=2  s_andn2_b64=1  s_cbranch_vccnz=1  s_waitcnt=1
     sync-relevant, PROGRAM ORDER (A=inline asm, C=compiler):
        [C] x8    v_mfma_f32_16x16x16_bf16                   L16068..L16081
        [A] x1    ds_read_b64                                L16083..L16083
        [C] x4    v_mfma_f32_16x16x16_bf16                   L16086..L16089
        [A] x1    ds_read_b64                                L16091..L16091
        [C] x4    v_mfma_f32_16x16x16_bf16                   L16094..L16097
        [A] x1    ds_read_b64                                L16099..L16099
        [C] x4    v_mfma_f32_16x16x16_bf16                   L16102..L16105
        [A] x1    ds_read_b64                                L16107..L16107
        [C] x4    v_mfma_f32_16x16x16_bf16                   L16110..L16113
        [A] x1    ds_read_b64                                L16115..L16115
        [C] x4    v_mfma_f32_16x16x16_bf16                   L16118..L16121
        [A] x1    ds_read_b64                                L16123..L16123
        [C] x4    v_mfma_f32_16x16x16_bf16                   L16126..L16129
        [A] x6    ds_read_b64                                L16131..L16154
        [A] x1    s_waitcnt lgkmcnt(0)                       L16158..L16158

  ---- BLOCK %bb.90  16186..16245  (58 instrs) ----
     hist: s_mov_b64=16  s_or_b64=2
     sync-relevant, PROGRAM ORDER (A=inline asm, C=compiler):

  ---- BLOCK .LBB4_91  16246..16285  (39 instrs) ----
     hist: v_mfma_f32_16x16x16_bf16=32  s_add_u32=2  s_addc_u32=2  s_barrier=1  s_cbranch_scc1=1  s_cmp_eq_u32=1
     sync-relevant, PROGRAM ORDER (A=inline asm, C=compiler):
        [C] x2    v_mfma_f32_16x16x16_bf16                   L16248..L16252
        [C] x1    s_barrier                                  L16254..L16254
        [C] x30   v_mfma_f32_16x16x16_bf16                   L16255..L16284

  ---- BLOCK %bb.92  16286..16291  (5 instrs) ----
     hist: s_add_i32=1  s_branch=1  s_cbranch_scc0=1  s_cmp_ge_i32=1  s_mov_b32=1
     sync-relevant, PROGRAM ORDER (A=inline asm, C=compiler):

  ==== TOTAL over all blocks of the k-loop ====
         64  v_mfma_f32_16x16x16_bf16
         24  ds_read_b64
          2  s_waitcnt
          1  s_barrier
          1  s_branch
     (all mnemonics, top 25)
         64  v_mfma_f32_16x16x16_bf16
         32  s_mov_b64
         32  v_cndmask_b32_e64
         32  v_cndmask_b32_sdwa
         24  ds_read_b64
         20  v_and_b32_e32
          6  v_add_u32_e32
          4  s_or_b64
          4  v_lshrrev_b32_e32
          4  v_xor_b32_e32
          3  s_add_i32
          3  s_nop
          2  s_add_u32
          2  s_addc_u32
          2  s_cbranch_scc1
          2  s_cmp_eq_u32
          2  s_waitcnt
          1  s_and_b32
          1  s_andn2_b64
          1  s_barrier
          1  s_branch
          1  s_cbranch_scc0
          1  s_cbranch_vccnz
          1  s_cmp_ge_i32
          1  s_cmp_lg_u32
  raw dump -> /home/subvadla/dhk/distributed-kernels/gemm_rs/overnight/experiments/exp_03_mainloop/isa/kloop_256_256_32_true.s

############ whole-file scans for the instructions Q2 asks about ############
buffer_load                      total=0
global_load_lds                  total=0
s_setprio                        total=0
sched_barrier                    total=0
sched_group_barrier              total=0
v_accvgpr                        total=0
v_mfma_f32_32x32                 total=0
v_mfma_f32_16x16x16bf16_1k       total=0
ds_read2                         total=0
ds_read_b128                     total=6
global_load_dwordx4              total=82
buffer_wbl2                      total=6
buffer_inv                       total=6
s_sleep                          total=12
=============== DONE ===============
