
===== rotation 0 (shape order [0, 1, 2, 3, 4, 5]) =====
  m=64    n=7168  k=18432  bias=0  pipelined=    87.72 us  device_max=    85.74 us  single_wall=   217.02 us  skew= 105.8 us  ok
  m=512   n=4096  k=12288  bias=1  pipelined=   116.27 us  device_max=   114.91 us  single_wall=   238.61 us  skew= 104.0 us  ok
  m=2048  n=2880  k=2880   bias=1  pipelined=    95.39 us  device_max=    94.03 us  single_wall=   227.10 us  skew= 106.6 us  ok
  m=4096  n=4096  k=4096   bias=0  pipelined=   201.67 us  device_max=   200.64 us  single_wall=   331.97 us  skew= 105.4 us  ok
  m=8192  n=4096  k=14336  bias=1  pipelined=   761.87 us  device_max=   760.95 us  single_wall=   879.50 us  skew= 101.3 us  ok
  m=8192  n=8192  k=29568  bias=0  pipelined=  2602.96 us  device_max=  2591.16 us  single_wall=  2753.45 us  skew= 103.2 us  ok

===== rotation 1 (shape order [1, 2, 3, 4, 5, 0]) =====
  m=512   n=4096  k=12288  bias=1  pipelined=   116.18 us  device_max=   115.25 us  single_wall=   238.88 us  skew= 103.2 us  ok
  m=2048  n=2880  k=2880   bias=1  pipelined=    95.44 us  device_max=    94.05 us  single_wall=   222.25 us  skew= 104.0 us  ok
  m=4096  n=4096  k=4096   bias=0  pipelined=   201.63 us  device_max=   199.25 us  single_wall=   331.84 us  skew= 104.9 us  ok
  m=8192  n=4096  k=14336  bias=1  pipelined=   764.35 us  device_max=   763.59 us  single_wall=   886.68 us  skew= 101.9 us  ok
  m=8192  n=8192  k=29568  bias=0  pipelined=  2594.34 us  device_max=  2586.67 us  single_wall=  2744.81 us  skew= 101.4 us  ok
  m=64    n=7168  k=18432  bias=0  pipelined=    87.03 us  device_max=    85.70 us  single_wall=   215.22 us  skew= 103.3 us  ok

===== rotation 2 (shape order [2, 3, 4, 5, 0, 1]) =====
  m=2048  n=2880  k=2880   bias=1  pipelined=    95.98 us  device_max=    93.94 us  single_wall=   226.04 us  skew= 105.3 us  ok
  m=4096  n=4096  k=4096   bias=0  pipelined=   200.54 us  device_max=   199.29 us  single_wall=   330.50 us  skew= 104.5 us  ok
  m=8192  n=4096  k=14336  bias=1  pipelined=   768.63 us  device_max=   767.28 us  single_wall=   886.48 us  skew= 100.6 us  ok
  m=8192  n=8192  k=29568  bias=0  pipelined=  2610.26 us  device_max=  2602.82 us  single_wall=  2742.05 us  skew= 102.0 us  ok
  m=64    n=7168  k=18432  bias=0  pipelined=    87.26 us  device_max=    85.76 us  single_wall=   214.62 us  skew= 103.2 us  ok
  m=512   n=4096  k=12288  bias=1  pipelined=   115.88 us  device_max=   114.62 us  single_wall=   237.62 us  skew= 103.2 us  ok

============================================================================================================
GATE M7 - this port, six graded shapes, order-rotated (3 rotations x 50 pipelined iters)
============================================================================================================
 #     m     n      k bias row  NR   mean us   stdev  dev_max  hostIss   SOL us  x SOL  bound  ok
-------------------------------------------------------------------------------------------------
 1    64  7168  18432    0   1  32     87.34    0.35    85.73    61.54     6.46  13.52 device yes
 2   512  4096  12288    1   2  32    116.11    0.20   114.92    61.99     8.19  14.18 device yes
 3  2048  2880   2880    1   3  32     95.60    0.33    94.01    62.22    23.04   4.15 device yes
 4  4096  4096   4096    0   4  32    201.28    0.64   199.73    62.47    65.54   3.07 device yes
 5  8192  4096  14336    1   5  32    764.95    3.42   763.94    61.02   131.07   5.84 device yes
 6  8192  8192  29568    0   6  32   2602.52    7.97  2593.55    64.11   379.43   6.86 device yes
-------------------------------------------------------------------------------------------------
geometric mean (pipelined wall) :    270.12 us
geometric mean (device max)     :    267.52 us
geometric mean (published SOL)  :     39.80 us
ratio to SOL                    :      6.79x
all shapes correct              : True

wrote m7_results.json
