/home/subvadla/aug12_exp01/rank_src/rank_transport.hip:341:1: remark: Function Name: _ZN12_GLOBAL__N_119fill_payload_kernelEPmmmjii [-Rpass-analysis=kernel-resource-usage]
  341 |                                     int destination_rank) {
      | ^
/home/subvadla/aug12_exp01/rank_src/rank_transport.hip:341:1: remark:     TotalSGPRs: 41 [-Rpass-analysis=kernel-resource-usage]
/home/subvadla/aug12_exp01/rank_src/rank_transport.hip:341:1: remark:     VGPRs: 19 [-Rpass-analysis=kernel-resource-usage]
/home/subvadla/aug12_exp01/rank_src/rank_transport.hip:341:1: remark:     AGPRs: 0 [-Rpass-analysis=kernel-resource-usage]
/home/subvadla/aug12_exp01/rank_src/rank_transport.hip:341:1: remark:     ScratchSize [bytes/lane]: 0 [-Rpass-analysis=kernel-resource-usage]
/home/subvadla/aug12_exp01/rank_src/rank_transport.hip:341:1: remark:     Dynamic Stack: False [-Rpass-analysis=kernel-resource-usage]
/home/subvadla/aug12_exp01/rank_src/rank_transport.hip:341:1: remark:     Occupancy [waves/SIMD]: 8 [-Rpass-analysis=kernel-resource-usage]
/home/subvadla/aug12_exp01/rank_src/rank_transport.hip:341:1: remark:     SGPRs Spill: 0 [-Rpass-analysis=kernel-resource-usage]
/home/subvadla/aug12_exp01/rank_src/rank_transport.hip:341:1: remark:     VGPRs Spill: 0 [-Rpass-analysis=kernel-resource-usage]
/home/subvadla/aug12_exp01/rank_src/rank_transport.hip:341:1: remark:     LDS Size [bytes/block]: 0 [-Rpass-analysis=kernel-resource-usage]
/home/subvadla/aug12_exp01/rank_src/rank_transport.hip:355:1: remark: Function Name: _ZN12_GLOBAL__N_113poison_kernelEPmm [-Rpass-analysis=kernel-resource-usage]
  355 |                               std::uint64_t total_words) {
      | ^
/home/subvadla/aug12_exp01/rank_src/rank_transport.hip:355:1: remark:     TotalSGPRs: 16 [-Rpass-analysis=kernel-resource-usage]
/home/subvadla/aug12_exp01/rank_src/rank_transport.hip:355:1: remark:     VGPRs: 6 [-Rpass-analysis=kernel-resource-usage]
/home/subvadla/aug12_exp01/rank_src/rank_transport.hip:355:1: remark:     AGPRs: 0 [-Rpass-analysis=kernel-resource-usage]
/home/subvadla/aug12_exp01/rank_src/rank_transport.hip:355:1: remark:     ScratchSize [bytes/lane]: 0 [-Rpass-analysis=kernel-resource-usage]
/home/subvadla/aug12_exp01/rank_src/rank_transport.hip:355:1: remark:     Dynamic Stack: False [-Rpass-analysis=kernel-resource-usage]
/home/subvadla/aug12_exp01/rank_src/rank_transport.hip:355:1: remark:     Occupancy [waves/SIMD]: 8 [-Rpass-analysis=kernel-resource-usage]
/home/subvadla/aug12_exp01/rank_src/rank_transport.hip:355:1: remark:     SGPRs Spill: 0 [-Rpass-analysis=kernel-resource-usage]
/home/subvadla/aug12_exp01/rank_src/rank_transport.hip:355:1: remark:     VGPRs Spill: 0 [-Rpass-analysis=kernel-resource-usage]
/home/subvadla/aug12_exp01/rank_src/rank_transport.hip:355:1: remark:     LDS Size [bytes/block]: 0 [-Rpass-analysis=kernel-resource-usage]
/home/subvadla/aug12_exp01/rank_src/rank_transport.hip:367:1: remark: Function Name: _ZN12_GLOBAL__N_120poison_output_kernelEPNS_12DeviceDigestEPNS_12DeviceStatusEPNS_12DeviceStampsE [-Rpass-analysis=kernel-resource-usage]
  367 |                                      DeviceStamps* stamps) {
      | ^
/home/subvadla/aug12_exp01/rank_src/rank_transport.hip:367:1: remark:     TotalSGPRs: 20 [-Rpass-analysis=kernel-resource-usage]
/home/subvadla/aug12_exp01/rank_src/rank_transport.hip:367:1: remark:     VGPRs: 6 [-Rpass-analysis=kernel-resource-usage]
/home/subvadla/aug12_exp01/rank_src/rank_transport.hip:367:1: remark:     AGPRs: 0 [-Rpass-analysis=kernel-resource-usage]
/home/subvadla/aug12_exp01/rank_src/rank_transport.hip:367:1: remark:     ScratchSize [bytes/lane]: 0 [-Rpass-analysis=kernel-resource-usage]
/home/subvadla/aug12_exp01/rank_src/rank_transport.hip:367:1: remark:     Dynamic Stack: False [-Rpass-analysis=kernel-resource-usage]
/home/subvadla/aug12_exp01/rank_src/rank_transport.hip:367:1: remark:     Occupancy [waves/SIMD]: 8 [-Rpass-analysis=kernel-resource-usage]
/home/subvadla/aug12_exp01/rank_src/rank_transport.hip:367:1: remark:     SGPRs Spill: 0 [-Rpass-analysis=kernel-resource-usage]
/home/subvadla/aug12_exp01/rank_src/rank_transport.hip:367:1: remark:     VGPRs Spill: 0 [-Rpass-analysis=kernel-resource-usage]
/home/subvadla/aug12_exp01/rank_src/rank_transport.hip:367:1: remark:     LDS Size [bytes/block]: 0 [-Rpass-analysis=kernel-resource-usage]
/home/subvadla/aug12_exp01/rank_src/rank_transport.hip:378:1: remark: Function Name: _ZN12_GLOBAL__N_119reset_digest_kernelEPNS_12DeviceDigestE [-Rpass-analysis=kernel-resource-usage]
  378 | __global__ void reset_digest_kernel(DeviceDigest* digest) {
      | ^
/home/subvadla/aug12_exp01/rank_src/rank_transport.hip:378:1: remark:     TotalSGPRs: 14 [-Rpass-analysis=kernel-resource-usage]
/home/subvadla/aug12_exp01/rank_src/rank_transport.hip:378:1: remark:     VGPRs: 6 [-Rpass-analysis=kernel-resource-usage]
/home/subvadla/aug12_exp01/rank_src/rank_transport.hip:378:1: remark:     AGPRs: 0 [-Rpass-analysis=kernel-resource-usage]
/home/subvadla/aug12_exp01/rank_src/rank_transport.hip:378:1: remark:     ScratchSize [bytes/lane]: 0 [-Rpass-analysis=kernel-resource-usage]
/home/subvadla/aug12_exp01/rank_src/rank_transport.hip:378:1: remark:     Dynamic Stack: False [-Rpass-analysis=kernel-resource-usage]
/home/subvadla/aug12_exp01/rank_src/rank_transport.hip:378:1: remark:     Occupancy [waves/SIMD]: 8 [-Rpass-analysis=kernel-resource-usage]
/home/subvadla/aug12_exp01/rank_src/rank_transport.hip:378:1: remark:     SGPRs Spill: 0 [-Rpass-analysis=kernel-resource-usage]
/home/subvadla/aug12_exp01/rank_src/rank_transport.hip:378:1: remark:     VGPRs Spill: 0 [-Rpass-analysis=kernel-resource-usage]
/home/subvadla/aug12_exp01/rank_src/rank_transport.hip:378:1: remark:     LDS Size [bytes/block]: 0 [-Rpass-analysis=kernel-resource-usage]
/home/subvadla/aug12_exp01/rank_src/rank_transport.hip:383:1: remark: Function Name: _ZN12_GLOBAL__N_112stamp_kernelEPy [-Rpass-analysis=kernel-resource-usage]
  383 | __global__ void stamp_kernel(unsigned long long* destination) {
      | ^
/home/subvadla/aug12_exp01/rank_src/rank_transport.hip:383:1: remark:     TotalSGPRs: 10 [-Rpass-analysis=kernel-resource-usage]
/home/subvadla/aug12_exp01/rank_src/rank_transport.hip:383:1: remark:     VGPRs: 4 [-Rpass-analysis=kernel-resource-usage]
/home/subvadla/aug12_exp01/rank_src/rank_transport.hip:383:1: remark:     AGPRs: 0 [-Rpass-analysis=kernel-resource-usage]
/home/subvadla/aug12_exp01/rank_src/rank_transport.hip:383:1: remark:     ScratchSize [bytes/lane]: 0 [-Rpass-analysis=kernel-resource-usage]
/home/subvadla/aug12_exp01/rank_src/rank_transport.hip:383:1: remark:     Dynamic Stack: False [-Rpass-analysis=kernel-resource-usage]
/home/subvadla/aug12_exp01/rank_src/rank_transport.hip:383:1: remark:     Occupancy [waves/SIMD]: 8 [-Rpass-analysis=kernel-resource-usage]
/home/subvadla/aug12_exp01/rank_src/rank_transport.hip:383:1: remark:     SGPRs Spill: 0 [-Rpass-analysis=kernel-resource-usage]
/home/subvadla/aug12_exp01/rank_src/rank_transport.hip:383:1: remark:     VGPRs Spill: 0 [-Rpass-analysis=kernel-resource-usage]
/home/subvadla/aug12_exp01/rank_src/rank_transport.hip:383:1: remark:     LDS Size [bytes/block]: 0 [-Rpass-analysis=kernel-resource-usage]
/home/subvadla/aug12_exp01/rank_src/rank_transport.hip:387:1: remark: Function Name: _ZN12_GLOBAL__N_112delay_kernelEm [-Rpass-analysis=kernel-resource-usage]
  387 | __global__ void delay_kernel(std::uint64_t cycles) {
      | ^
/home/subvadla/aug12_exp01/rank_src/rank_transport.hip:387:1: remark:     TotalSGPRs: 12 [-Rpass-analysis=kernel-resource-usage]
/home/subvadla/aug12_exp01/rank_src/rank_transport.hip:387:1: remark:     VGPRs: 2 [-Rpass-analysis=kernel-resource-usage]
/home/subvadla/aug12_exp01/rank_src/rank_transport.hip:387:1: remark:     AGPRs: 0 [-Rpass-analysis=kernel-resource-usage]
/home/subvadla/aug12_exp01/rank_src/rank_transport.hip:387:1: remark:     ScratchSize [bytes/lane]: 0 [-Rpass-analysis=kernel-resource-usage]
/home/subvadla/aug12_exp01/rank_src/rank_transport.hip:387:1: remark:     Dynamic Stack: False [-Rpass-analysis=kernel-resource-usage]
/home/subvadla/aug12_exp01/rank_src/rank_transport.hip:387:1: remark:     Occupancy [waves/SIMD]: 8 [-Rpass-analysis=kernel-resource-usage]
/home/subvadla/aug12_exp01/rank_src/rank_transport.hip:387:1: remark:     SGPRs Spill: 0 [-Rpass-analysis=kernel-resource-usage]
/home/subvadla/aug12_exp01/rank_src/rank_transport.hip:387:1: remark:     VGPRs Spill: 0 [-Rpass-analysis=kernel-resource-usage]
/home/subvadla/aug12_exp01/rank_src/rank_transport.hip:387:1: remark:     LDS Size [bytes/block]: 0 [-Rpass-analysis=kernel-resource-usage]
/home/subvadla/aug12_exp01/rank_src/rank_transport.hip:442:1: remark: Function Name: _ZN12_GLOBAL__N_113publish_localEPjij [-Rpass-analysis=kernel-resource-usage]
  442 |                               std::uint32_t epoch) {
      | ^
/home/subvadla/aug12_exp01/rank_src/rank_transport.hip:442:1: remark:     TotalSGPRs: 12 [-Rpass-analysis=kernel-resource-usage]
/home/subvadla/aug12_exp01/rank_src/rank_transport.hip:442:1: remark:     VGPRs: 2 [-Rpass-analysis=kernel-resource-usage]
/home/subvadla/aug12_exp01/rank_src/rank_transport.hip:442:1: remark:     AGPRs: 0 [-Rpass-analysis=kernel-resource-usage]
/home/subvadla/aug12_exp01/rank_src/rank_transport.hip:442:1: remark:     ScratchSize [bytes/lane]: 0 [-Rpass-analysis=kernel-resource-usage]
/home/subvadla/aug12_exp01/rank_src/rank_transport.hip:442:1: remark:     Dynamic Stack: False [-Rpass-analysis=kernel-resource-usage]
/home/subvadla/aug12_exp01/rank_src/rank_transport.hip:442:1: remark:     Occupancy [waves/SIMD]: 8 [-Rpass-analysis=kernel-resource-usage]
/home/subvadla/aug12_exp01/rank_src/rank_transport.hip:442:1: remark:     SGPRs Spill: 0 [-Rpass-analysis=kernel-resource-usage]
/home/subvadla/aug12_exp01/rank_src/rank_transport.hip:442:1: remark:     VGPRs Spill: 0 [-Rpass-analysis=kernel-resource-usage]
/home/subvadla/aug12_exp01/rank_src/rank_transport.hip:442:1: remark:     LDS Size [bytes/block]: 0 [-Rpass-analysis=kernel-resource-usage]
/home/subvadla/aug12_exp01/rank_src/rank_transport.hip:449:1: remark: Function Name: _ZN12_GLOBAL__N_117wait_ready_kernelEPKjijmPNS_12DeviceStatusE [-Rpass-analysis=kernel-resource-usage]
  449 |                                   DeviceStatus* status) {
      | ^
/home/subvadla/aug12_exp01/rank_src/rank_transport.hip:449:1: remark:     TotalSGPRs: 22 [-Rpass-analysis=kernel-resource-usage]
/home/subvadla/aug12_exp01/rank_src/rank_transport.hip:449:1: remark:     VGPRs: 4 [-Rpass-analysis=kernel-resource-usage]
/home/subvadla/aug12_exp01/rank_src/rank_transport.hip:449:1: remark:     AGPRs: 0 [-Rpass-analysis=kernel-resource-usage]
/home/subvadla/aug12_exp01/rank_src/rank_transport.hip:449:1: remark:     ScratchSize [bytes/lane]: 0 [-Rpass-analysis=kernel-resource-usage]
/home/subvadla/aug12_exp01/rank_src/rank_transport.hip:449:1: remark:     Dynamic Stack: False [-Rpass-analysis=kernel-resource-usage]
/home/subvadla/aug12_exp01/rank_src/rank_transport.hip:449:1: remark:     Occupancy [waves/SIMD]: 8 [-Rpass-analysis=kernel-resource-usage]
/home/subvadla/aug12_exp01/rank_src/rank_transport.hip:449:1: remark:     SGPRs Spill: 0 [-Rpass-analysis=kernel-resource-usage]
/home/subvadla/aug12_exp01/rank_src/rank_transport.hip:449:1: remark:     VGPRs Spill: 0 [-Rpass-analysis=kernel-resource-usage]
/home/subvadla/aug12_exp01/rank_src/rank_transport.hip:449:1: remark:     LDS Size [bytes/block]: 0 [-Rpass-analysis=kernel-resource-usage]
/home/subvadla/aug12_exp01/rank_src/rank_transport.hip:463:1: remark: Function Name: _ZN12_GLOBAL__N_118wait_credit_kernelEPKjijmPNS_12DeviceStatusE [-Rpass-analysis=kernel-resource-usage]
  463 |                                    DeviceStatus* status) {
      | ^
/home/subvadla/aug12_exp01/rank_src/rank_transport.hip:463:1: remark:     TotalSGPRs: 18 [-Rpass-analysis=kernel-resource-usage]
/home/subvadla/aug12_exp01/rank_src/rank_transport.hip:463:1: remark:     VGPRs: 6 [-Rpass-analysis=kernel-resource-usage]
/home/subvadla/aug12_exp01/rank_src/rank_transport.hip:463:1: remark:     AGPRs: 0 [-Rpass-analysis=kernel-resource-usage]
/home/subvadla/aug12_exp01/rank_src/rank_transport.hip:463:1: remark:     ScratchSize [bytes/lane]: 0 [-Rpass-analysis=kernel-resource-usage]
/home/subvadla/aug12_exp01/rank_src/rank_transport.hip:463:1: remark:     Dynamic Stack: False [-Rpass-analysis=kernel-resource-usage]
/home/subvadla/aug12_exp01/rank_src/rank_transport.hip:463:1: remark:     Occupancy [waves/SIMD]: 8 [-Rpass-analysis=kernel-resource-usage]
/home/subvadla/aug12_exp01/rank_src/rank_transport.hip:463:1: remark:     SGPRs Spill: 0 [-Rpass-analysis=kernel-resource-usage]
/home/subvadla/aug12_exp01/rank_src/rank_transport.hip:463:1: remark:     VGPRs Spill: 0 [-Rpass-analysis=kernel-resource-usage]
/home/subvadla/aug12_exp01/rank_src/rank_transport.hip:463:1: remark:     LDS Size [bytes/block]: 0 [-Rpass-analysis=kernel-resource-usage]
/home/subvadla/aug12_exp01/rank_src/rank_transport.hip:480:1: remark: Function Name: _ZN12_GLOBAL__N_113digest_kernelEPKmmmjiiPKNS_12DeviceStatusEPNS_12DeviceDigestE [-Rpass-analysis=kernel-resource-usage]
  480 |                               DeviceDigest* digest) {
      | ^
/home/subvadla/aug12_exp01/rank_src/rank_transport.hip:480:1: remark:     TotalSGPRs: 48 [-Rpass-analysis=kernel-resource-usage]
/home/subvadla/aug12_exp01/rank_src/rank_transport.hip:480:1: remark:     VGPRs: 35 [-Rpass-analysis=kernel-resource-usage]
/home/subvadla/aug12_exp01/rank_src/rank_transport.hip:480:1: remark:     AGPRs: 0 [-Rpass-analysis=kernel-resource-usage]
/home/subvadla/aug12_exp01/rank_src/rank_transport.hip:480:1: remark:     ScratchSize [bytes/lane]: 0 [-Rpass-analysis=kernel-resource-usage]
/home/subvadla/aug12_exp01/rank_src/rank_transport.hip:480:1: remark:     Dynamic Stack: False [-Rpass-analysis=kernel-resource-usage]
/home/subvadla/aug12_exp01/rank_src/rank_transport.hip:480:1: remark:     Occupancy [waves/SIMD]: 8 [-Rpass-analysis=kernel-resource-usage]
/home/subvadla/aug12_exp01/rank_src/rank_transport.hip:480:1: remark:     SGPRs Spill: 0 [-Rpass-analysis=kernel-resource-usage]
/home/subvadla/aug12_exp01/rank_src/rank_transport.hip:480:1: remark:     VGPRs Spill: 0 [-Rpass-analysis=kernel-resource-usage]
/home/subvadla/aug12_exp01/rank_src/rank_transport.hip:480:1: remark:     LDS Size [bytes/block]: 0 [-Rpass-analysis=kernel-resource-usage]
/home/subvadla/aug12_exp01/rank_src/rank_transport.hip:519:1: remark: Function Name: _ZN12_GLOBAL__N_113sample_kernelEPKmmmjiiPKNS_12DeviceStatusEPNS_12DeviceDigestE [-Rpass-analysis=kernel-resource-usage]
  519 |                               DeviceDigest* digest) {
      | ^
/home/subvadla/aug12_exp01/rank_src/rank_transport.hip:519:1: remark:     TotalSGPRs: 44 [-Rpass-analysis=kernel-resource-usage]
/home/subvadla/aug12_exp01/rank_src/rank_transport.hip:519:1: remark:     VGPRs: 24 [-Rpass-analysis=kernel-resource-usage]
/home/subvadla/aug12_exp01/rank_src/rank_transport.hip:519:1: remark:     AGPRs: 0 [-Rpass-analysis=kernel-resource-usage]
/home/subvadla/aug12_exp01/rank_src/rank_transport.hip:519:1: remark:     ScratchSize [bytes/lane]: 0 [-Rpass-analysis=kernel-resource-usage]
/home/subvadla/aug12_exp01/rank_src/rank_transport.hip:519:1: remark:     Dynamic Stack: False [-Rpass-analysis=kernel-resource-usage]
/home/subvadla/aug12_exp01/rank_src/rank_transport.hip:519:1: remark:     Occupancy [waves/SIMD]: 8 [-Rpass-analysis=kernel-resource-usage]
/home/subvadla/aug12_exp01/rank_src/rank_transport.hip:519:1: remark:     SGPRs Spill: 0 [-Rpass-analysis=kernel-resource-usage]
/home/subvadla/aug12_exp01/rank_src/rank_transport.hip:519:1: remark:     VGPRs Spill: 0 [-Rpass-analysis=kernel-resource-usage]
/home/subvadla/aug12_exp01/rank_src/rank_transport.hip:519:1: remark:     LDS Size [bytes/block]: 0 [-Rpass-analysis=kernel-resource-usage]
/home/subvadla/aug12_exp01/rank_src/rank_transport.hip:400:1: remark: Function Name: _ZN12_GLOBAL__N_120cu_push_packets_rankILi1EEEvPSt4byteN7kittens10peer_basesIS1_EEPKS1_mmmm [-Rpass-analysis=kernel-resource-usage]
  400 |     std::uint64_t destination_shift) {
      | ^
/home/subvadla/aug12_exp01/rank_src/rank_transport.hip:400:1: remark:     TotalSGPRs: 25 [-Rpass-analysis=kernel-resource-usage]
/home/subvadla/aug12_exp01/rank_src/rank_transport.hip:400:1: remark:     VGPRs: 10 [-Rpass-analysis=kernel-resource-usage]
/home/subvadla/aug12_exp01/rank_src/rank_transport.hip:400:1: remark:     AGPRs: 0 [-Rpass-analysis=kernel-resource-usage]
/home/subvadla/aug12_exp01/rank_src/rank_transport.hip:400:1: remark:     ScratchSize [bytes/lane]: 0 [-Rpass-analysis=kernel-resource-usage]
/home/subvadla/aug12_exp01/rank_src/rank_transport.hip:400:1: remark:     Dynamic Stack: False [-Rpass-analysis=kernel-resource-usage]
/home/subvadla/aug12_exp01/rank_src/rank_transport.hip:400:1: remark:     Occupancy [waves/SIMD]: 8 [-Rpass-analysis=kernel-resource-usage]
/home/subvadla/aug12_exp01/rank_src/rank_transport.hip:400:1: remark:     SGPRs Spill: 0 [-Rpass-analysis=kernel-resource-usage]
/home/subvadla/aug12_exp01/rank_src/rank_transport.hip:400:1: remark:     VGPRs Spill: 0 [-Rpass-analysis=kernel-resource-usage]
/home/subvadla/aug12_exp01/rank_src/rank_transport.hip:400:1: remark:     LDS Size [bytes/block]: 0 [-Rpass-analysis=kernel-resource-usage]
/home/subvadla/aug12_exp01/rank_src/rank_transport.hip:400:1: remark: Function Name: _ZN12_GLOBAL__N_120cu_push_packets_rankILi0EEEvPSt4byteN7kittens10peer_basesIS1_EEPKS1_mmmm [-Rpass-analysis=kernel-resource-usage]
/home/subvadla/aug12_exp01/rank_src/rank_transport.hip:400:1: remark:     TotalSGPRs: 26 [-Rpass-analysis=kernel-resource-usage]
/home/subvadla/aug12_exp01/rank_src/rank_transport.hip:400:1: remark:     VGPRs: 10 [-Rpass-analysis=kernel-resource-usage]
/home/subvadla/aug12_exp01/rank_src/rank_transport.hip:400:1: remark:     AGPRs: 0 [-Rpass-analysis=kernel-resource-usage]
/home/subvadla/aug12_exp01/rank_src/rank_transport.hip:400:1: remark:     ScratchSize [bytes/lane]: 0 [-Rpass-analysis=kernel-resource-usage]
/home/subvadla/aug12_exp01/rank_src/rank_transport.hip:400:1: remark:     Dynamic Stack: False [-Rpass-analysis=kernel-resource-usage]
/home/subvadla/aug12_exp01/rank_src/rank_transport.hip:400:1: remark:     Occupancy [waves/SIMD]: 8 [-Rpass-analysis=kernel-resource-usage]
/home/subvadla/aug12_exp01/rank_src/rank_transport.hip:400:1: remark:     SGPRs Spill: 0 [-Rpass-analysis=kernel-resource-usage]
/home/subvadla/aug12_exp01/rank_src/rank_transport.hip:400:1: remark:     VGPRs Spill: 0 [-Rpass-analysis=kernel-resource-usage]
/home/subvadla/aug12_exp01/rank_src/rank_transport.hip:400:1: remark:     LDS Size [bytes/block]: 0 [-Rpass-analysis=kernel-resource-usage]
/home/subvadla/aug12_exp01/rank_src/rank_transport.hip:419:1: remark: Function Name: _ZN12_GLOBAL__N_120cu_pull_packets_rankILi1EEEvPSt4byteN7kittens10peer_basesIS1_EEPKS1_mmmm [-Rpass-analysis=kernel-resource-usage]
  419 |     std::uint64_t destination_shift) {
      | ^
/home/subvadla/aug12_exp01/rank_src/rank_transport.hip:419:1: remark:     TotalSGPRs: 25 [-Rpass-analysis=kernel-resource-usage]
/home/subvadla/aug12_exp01/rank_src/rank_transport.hip:419:1: remark:     VGPRs: 12 [-Rpass-analysis=kernel-resource-usage]
/home/subvadla/aug12_exp01/rank_src/rank_transport.hip:419:1: remark:     AGPRs: 0 [-Rpass-analysis=kernel-resource-usage]
/home/subvadla/aug12_exp01/rank_src/rank_transport.hip:419:1: remark:     ScratchSize [bytes/lane]: 0 [-Rpass-analysis=kernel-resource-usage]
/home/subvadla/aug12_exp01/rank_src/rank_transport.hip:419:1: remark:     Dynamic Stack: False [-Rpass-analysis=kernel-resource-usage]
/home/subvadla/aug12_exp01/rank_src/rank_transport.hip:419:1: remark:     Occupancy [waves/SIMD]: 8 [-Rpass-analysis=kernel-resource-usage]
/home/subvadla/aug12_exp01/rank_src/rank_transport.hip:419:1: remark:     SGPRs Spill: 0 [-Rpass-analysis=kernel-resource-usage]
/home/subvadla/aug12_exp01/rank_src/rank_transport.hip:419:1: remark:     VGPRs Spill: 0 [-Rpass-analysis=kernel-resource-usage]
/home/subvadla/aug12_exp01/rank_src/rank_transport.hip:419:1: remark:     LDS Size [bytes/block]: 0 [-Rpass-analysis=kernel-resource-usage]
/home/subvadla/aug12_exp01/rank_src/rank_transport.hip:419:1: remark: Function Name: _ZN12_GLOBAL__N_120cu_pull_packets_rankILi0EEEvPSt4byteN7kittens10peer_basesIS1_EEPKS1_mmmm [-Rpass-analysis=kernel-resource-usage]
/home/subvadla/aug12_exp01/rank_src/rank_transport.hip:419:1: remark:     TotalSGPRs: 26 [-Rpass-analysis=kernel-resource-usage]
/home/subvadla/aug12_exp01/rank_src/rank_transport.hip:419:1: remark:     VGPRs: 12 [-Rpass-analysis=kernel-resource-usage]
/home/subvadla/aug12_exp01/rank_src/rank_transport.hip:419:1: remark:     AGPRs: 0 [-Rpass-analysis=kernel-resource-usage]
/home/subvadla/aug12_exp01/rank_src/rank_transport.hip:419:1: remark:     ScratchSize [bytes/lane]: 0 [-Rpass-analysis=kernel-resource-usage]
/home/subvadla/aug12_exp01/rank_src/rank_transport.hip:419:1: remark:     Dynamic Stack: False [-Rpass-analysis=kernel-resource-usage]
/home/subvadla/aug12_exp01/rank_src/rank_transport.hip:419:1: remark:     Occupancy [waves/SIMD]: 8 [-Rpass-analysis=kernel-resource-usage]
/home/subvadla/aug12_exp01/rank_src/rank_transport.hip:419:1: remark:     SGPRs Spill: 0 [-Rpass-analysis=kernel-resource-usage]
/home/subvadla/aug12_exp01/rank_src/rank_transport.hip:419:1: remark:     VGPRs Spill: 0 [-Rpass-analysis=kernel-resource-usage]
/home/subvadla/aug12_exp01/rank_src/rank_transport.hip:419:1: remark:     LDS Size [bytes/block]: 0 [-Rpass-analysis=kernel-resource-usage]
/home/subvadla/aug12_exp01/rank_src/rank_transport.hip:435:1: remark: Function Name: _ZN12_GLOBAL__N_119publish_remote_rankILi1EEEvPjN7kittens10peer_basesISt4byteEEij [-Rpass-analysis=kernel-resource-usage]
  435 |     int slot, std::uint32_t epoch) {
      | ^
/home/subvadla/aug12_exp01/rank_src/rank_transport.hip:435:1: remark:     TotalSGPRs: 14 [-Rpass-analysis=kernel-resource-usage]
/home/subvadla/aug12_exp01/rank_src/rank_transport.hip:435:1: remark:     VGPRs: 3 [-Rpass-analysis=kernel-resource-usage]
/home/subvadla/aug12_exp01/rank_src/rank_transport.hip:435:1: remark:     AGPRs: 0 [-Rpass-analysis=kernel-resource-usage]
/home/subvadla/aug12_exp01/rank_src/rank_transport.hip:435:1: remark:     ScratchSize [bytes/lane]: 0 [-Rpass-analysis=kernel-resource-usage]
/home/subvadla/aug12_exp01/rank_src/rank_transport.hip:435:1: remark:     Dynamic Stack: False [-Rpass-analysis=kernel-resource-usage]
/home/subvadla/aug12_exp01/rank_src/rank_transport.hip:435:1: remark:     Occupancy [waves/SIMD]: 8 [-Rpass-analysis=kernel-resource-usage]
/home/subvadla/aug12_exp01/rank_src/rank_transport.hip:435:1: remark:     SGPRs Spill: 0 [-Rpass-analysis=kernel-resource-usage]
/home/subvadla/aug12_exp01/rank_src/rank_transport.hip:435:1: remark:     VGPRs Spill: 0 [-Rpass-analysis=kernel-resource-usage]
/home/subvadla/aug12_exp01/rank_src/rank_transport.hip:435:1: remark:     LDS Size [bytes/block]: 0 [-Rpass-analysis=kernel-resource-usage]
/home/subvadla/aug12_exp01/rank_src/rank_transport.hip:435:1: remark: Function Name: _ZN12_GLOBAL__N_119publish_remote_rankILi0EEEvPjN7kittens10peer_basesISt4byteEEij [-Rpass-analysis=kernel-resource-usage]
/home/subvadla/aug12_exp01/rank_src/rank_transport.hip:435:1: remark:     TotalSGPRs: 14 [-Rpass-analysis=kernel-resource-usage]
/home/subvadla/aug12_exp01/rank_src/rank_transport.hip:435:1: remark:     VGPRs: 3 [-Rpass-analysis=kernel-resource-usage]
/home/subvadla/aug12_exp01/rank_src/rank_transport.hip:435:1: remark:     AGPRs: 0 [-Rpass-analysis=kernel-resource-usage]
/home/subvadla/aug12_exp01/rank_src/rank_transport.hip:435:1: remark:     ScratchSize [bytes/lane]: 0 [-Rpass-analysis=kernel-resource-usage]
/home/subvadla/aug12_exp01/rank_src/rank_transport.hip:435:1: remark:     Dynamic Stack: False [-Rpass-analysis=kernel-resource-usage]
/home/subvadla/aug12_exp01/rank_src/rank_transport.hip:435:1: remark:     Occupancy [waves/SIMD]: 8 [-Rpass-analysis=kernel-resource-usage]
/home/subvadla/aug12_exp01/rank_src/rank_transport.hip:435:1: remark:     SGPRs Spill: 0 [-Rpass-analysis=kernel-resource-usage]
/home/subvadla/aug12_exp01/rank_src/rank_transport.hip:435:1: remark:     VGPRs Spill: 0 [-Rpass-analysis=kernel-resource-usage]
/home/subvadla/aug12_exp01/rank_src/rank_transport.hip:435:1: remark:     LDS Size [bytes/block]: 0 [-Rpass-analysis=kernel-resource-usage]
/home/subvadla/aug12_exp01/rank_src/rank_transport.hip:548:1: remark: Function Name: _ZN12_GLOBAL__N_118retire_remote_rankILi1EEEvPjN7kittens10peer_basesISt4byteEEijPKNS_12DeviceStatusE [-Rpass-analysis=kernel-resource-usage]
  548 |     int slot, std::uint32_t generation, const DeviceStatus* status) {
      | ^
/home/subvadla/aug12_exp01/rank_src/rank_transport.hip:548:1: remark:     TotalSGPRs: 14 [-Rpass-analysis=kernel-resource-usage]
/home/subvadla/aug12_exp01/rank_src/rank_transport.hip:548:1: remark:     VGPRs: 3 [-Rpass-analysis=kernel-resource-usage]
/home/subvadla/aug12_exp01/rank_src/rank_transport.hip:548:1: remark:     AGPRs: 0 [-Rpass-analysis=kernel-resource-usage]
/home/subvadla/aug12_exp01/rank_src/rank_transport.hip:548:1: remark:     ScratchSize [bytes/lane]: 0 [-Rpass-analysis=kernel-resource-usage]
/home/subvadla/aug12_exp01/rank_src/rank_transport.hip:548:1: remark:     Dynamic Stack: False [-Rpass-analysis=kernel-resource-usage]
/home/subvadla/aug12_exp01/rank_src/rank_transport.hip:548:1: remark:     Occupancy [waves/SIMD]: 8 [-Rpass-analysis=kernel-resource-usage]
/home/subvadla/aug12_exp01/rank_src/rank_transport.hip:548:1: remark:     SGPRs Spill: 0 [-Rpass-analysis=kernel-resource-usage]
/home/subvadla/aug12_exp01/rank_src/rank_transport.hip:548:1: remark:     VGPRs Spill: 0 [-Rpass-analysis=kernel-resource-usage]
/home/subvadla/aug12_exp01/rank_src/rank_transport.hip:548:1: remark:     LDS Size [bytes/block]: 0 [-Rpass-analysis=kernel-resource-usage]
/home/subvadla/aug12_exp01/rank_src/rank_transport.hip:548:1: remark: Function Name: _ZN12_GLOBAL__N_118retire_remote_rankILi0EEEvPjN7kittens10peer_basesISt4byteEEijPKNS_12DeviceStatusE [-Rpass-analysis=kernel-resource-usage]
/home/subvadla/aug12_exp01/rank_src/rank_transport.hip:548:1: remark:     TotalSGPRs: 14 [-Rpass-analysis=kernel-resource-usage]
/home/subvadla/aug12_exp01/rank_src/rank_transport.hip:548:1: remark:     VGPRs: 3 [-Rpass-analysis=kernel-resource-usage]
/home/subvadla/aug12_exp01/rank_src/rank_transport.hip:548:1: remark:     AGPRs: 0 [-Rpass-analysis=kernel-resource-usage]
/home/subvadla/aug12_exp01/rank_src/rank_transport.hip:548:1: remark:     ScratchSize [bytes/lane]: 0 [-Rpass-analysis=kernel-resource-usage]
/home/subvadla/aug12_exp01/rank_src/rank_transport.hip:548:1: remark:     Dynamic Stack: False [-Rpass-analysis=kernel-resource-usage]
/home/subvadla/aug12_exp01/rank_src/rank_transport.hip:548:1: remark:     Occupancy [waves/SIMD]: 8 [-Rpass-analysis=kernel-resource-usage]
/home/subvadla/aug12_exp01/rank_src/rank_transport.hip:548:1: remark:     SGPRs Spill: 0 [-Rpass-analysis=kernel-resource-usage]
/home/subvadla/aug12_exp01/rank_src/rank_transport.hip:548:1: remark:     VGPRs Spill: 0 [-Rpass-analysis=kernel-resource-usage]
/home/subvadla/aug12_exp01/rank_src/rank_transport.hip:548:1: remark:     LDS Size [bytes/block]: 0 [-Rpass-analysis=kernel-resource-usage]
