node clean after 00s
===== clocks before =====
8
GPU[0]		: sclk clock level: S: (120Mhz)
GPU[1]		: sclk clock level: S: (120Mhz)
===== M7: 3 rotations x 50 pipelined iters =====
  m=8192  n=8192  k=29568  bias=0  pipelined=  1612.54 us  device_max=  1607.93 us  single_wall=  1820.97 us  skew= 108.3 us  ok
  m=64    n=7168  k=18432  bias=0  pipelined=    65.89 us  device_max=    63.88 us  single_wall=   183.20 us  skew= 103.9 us  ok

===== rotation 2 (shape order [2, 3, 4, 5, 0, 1]) =====
  m=2048  n=2880  k=2880   bias=1  pipelined=    87.27 us  device_max=    85.43 us  single_wall=   216.66 us  skew= 105.8 us  ok
  m=4096  n=4096  k=4096   bias=0  pipelined=   200.43 us  device_max=   198.06 us  single_wall=   328.45 us  skew= 105.4 us  ok
  m=8192  n=4096  k=14336  bias=1  pipelined=   641.41 us  device_max=   638.77 us  single_wall=   765.75 us  skew= 104.9 us  ok
  m=8192  n=8192  k=29568  bias=0  pipelined=  1628.52 us  device_max=  1614.60 us  single_wall=  1821.56 us  skew= 105.2 us  ok
  m=64    n=7168  k=18432  bias=0  pipelined=    66.96 us  device_max=    64.65 us  single_wall=   184.73 us  skew= 104.7 us  ok
  m=512   n=4096  k=12288  bias=1  pipelined=    67.80 us  device_max=    66.59 us  single_wall=   196.26 us  skew= 105.4 us  ok

============================================================================================================
GATE M7 - this port, six graded shapes, order-rotated (3 rotations x 50 pipelined iters)
============================================================================================================
 #     m     n      k bias row  NR   mean us   stdev  dev_max  hostIss   SOL us  x SOL  bound  ok
-------------------------------------------------------------------------------------------------
 1    64  7168  18432    0   1  56     66.41    0.54    64.29    62.34     6.46  10.28   HOST yes
 2   512  4096  12288    1   2  32     82.78   27.15    80.50    62.43     8.19  10.11 device yes
 3  2048  2880   2880    1   3  32     87.37    0.41    85.60    62.15    23.04   3.79 device yes
 4  4096  4096   4096    0   4  32    201.14    0.62   199.27    62.06    65.54   3.07 device yes
 5  8192  4096  14336    1   5  32    641.10    0.91   638.08    62.36   131.07   4.89 device yes
 6  8192  8192  29568    0   6  48   1614.54   13.10  1596.94    63.68   379.43   4.26 device yes
-------------------------------------------------------------------------------------------------
geometric mean (pipelined wall) :    215.44 us
geometric mean (device max)     :    211.67 us
geometric mean (published SOL)  :     39.80 us
ratio to SOL                    :      5.41x
all shapes correct              : True

wrote m7_results.json
===== clocks after =====
8
-rw-r--r-- 1 subvadla subvadla 9140 Aug 12 04:18 /home/subvadla/dhk/distributed-kernels/gemm_rs/overnight/aug11/exp_20_attribution/m7_results.json
M7 DONE
