generated /home/subvadla/dhk/distributed-kernels/gemm_rs/overnight/harness/ablate/gemm_rs_ablate.cpp (50556 bytes, 9 cuts)
  building gemm_rs_abl_full ...
  building gemm_rs_abl_nomain ...
  building gemm_rs_abl_emitlocal ...
  building gemm_rs_abl_nored ...
  building gemm_rs_abl_noproto ...
  building gemm_rs_abl_norelease ...
  all ablation arms built

========================================================================================================
phase attribution (pipelined us per world-8 operation)
========================================================================================================
shape                    full   noMain  emitLoc    noRed  noProto  noRelse    GEMM    XGMI  reduce    sync release
------------------------------------------------------------------------------------------------------------------
64x7168x18432            67.1     64.6     64.5     67.4     68.1     67.6     2.5     2.7    -0.3    -0.9    -0.4
512x4096x12288           67.5     66.4     64.9     68.3     64.9     66.6     1.1     2.6    -0.8     2.6     0.9
2048x2880x2880           87.7     71.5     67.1     79.8     71.5     81.2    16.1    20.6     7.9    16.2     6.5
4096x4096x4096          203.5    165.0    117.3    184.6    171.8    185.2    38.5    86.2    18.9    31.8    18.3
8192x4096x14336         641.9    336.7    462.2    590.2    589.0    576.5   305.2   179.7    51.7    52.8    65.4
8192x8192x29568        1632.5    640.3   1256.5   1552.7   1463.9   1617.5   992.2   376.0    79.8   168.7    15.1
------------------------------------------------------------------------------------------------------------------
GEMM   = full - noMain    (mainloop math + A/B global->LDS traffic)
XGMI   = full - emitLoc   (peer cost of egress, store volume fixed)
reduce = full - noRed     (8-source pull, fp32 sum, bf16 store)
sync   = full - noProto   (cross-rank waits, credits, publishes)
release= full - noRelse   (the per-tile buffer_wbl2 L2 writeback)
Single-cut deltas overlap where the phases overlap; they need not sum to `full`. noRelse is NOT a correct kernel -- it removes the publication ordering -- it exists only to price the writeback.
