
===== rotation 0 (shape order [0, 1, 2, 3, 4, 5]) =====
  m=64    n=7168  k=18432  bias=0  pipelined=   108.38 us  device_max=   106.92 us  single_wall=   234.92 us  skew= 102.7 us  ok
  m=512   n=4096  k=12288  bias=1  pipelined=   113.78 us  device_max=   112.72 us  single_wall=   239.31 us  skew= 106.1 us  ok
  m=2048  n=2880  k=2880   bias=1  pipelined=    96.44 us  device_max=    95.27 us  single_wall=   225.11 us  skew= 105.5 us  ok
  m=4096  n=4096  k=4096   bias=0  pipelined=   205.08 us  device_max=   202.46 us  single_wall=   336.08 us  skew= 107.1 us  ok
  m=8192  n=4096  k=14336  bias=1  pipelined=   766.44 us  device_max=   765.49 us  single_wall=   970.17 us  skew= 174.4 us  ok
  m=8192  n=8192  k=29568  bias=0  pipelined=  2644.32 us  device_max=  2635.02 us  single_wall=  2837.48 us  skew= 173.4 us  ok

===== rotation 1 (shape order [1, 2, 3, 4, 5, 0]) =====
  m=512   n=4096  k=12288  bias=1  pipelined=   115.27 us  device_max=   113.84 us  single_wall=   322.16 us  skew= 176.8 us  ok
  m=2048  n=2880  k=2880   bias=1  pipelined=   111.53 us  device_max=   108.50 us  single_wall=   318.92 us  skew= 180.5 us  ok
  m=4096  n=4096  k=4096   bias=0  pipelined=   203.94 us  device_max=   201.59 us  single_wall=   331.67 us  skew= 102.0 us  ok
  m=8192  n=4096  k=14336  bias=1  pipelined=   767.46 us  device_max=   765.22 us  single_wall=   888.51 us  skew= 101.1 us  ok
  m=8192  n=8192  k=29568  bias=0  pipelined=  2643.57 us  device_max=  2640.55 us  single_wall=  2799.45 us  skew= 101.4 us  ok
  m=64    n=7168  k=18432  bias=0  pipelined=   107.80 us  device_max=   106.05 us  single_wall=   234.79 us  skew= 102.7 us  ok

===== rotation 2 (shape order [2, 3, 4, 5, 0, 1]) =====
  m=2048  n=2880  k=2880   bias=1  pipelined=    97.28 us  device_max=    95.61 us  single_wall=   225.39 us  skew= 104.6 us  ok
  m=4096  n=4096  k=4096   bias=0  pipelined=   203.06 us  device_max=   201.46 us  single_wall=   329.31 us  skew= 103.2 us  ok
  m=8192  n=4096  k=14336  bias=1  pipelined=   764.63 us  device_max=   762.57 us  single_wall=   888.80 us  skew= 102.0 us  ok
  m=8192  n=8192  k=29568  bias=0  pipelined=  2655.10 us  device_max=  2650.14 us  single_wall=  2804.92 us  skew= 100.4 us  ok
  m=64    n=7168  k=18432  bias=0  pipelined=   108.19 us  device_max=   106.65 us  single_wall=   234.65 us  skew= 102.5 us  ok
  m=512   n=4096  k=12288  bias=1  pipelined=   114.01 us  device_max=   113.26 us  single_wall=   234.73 us  skew= 101.9 us  ok

============================================================================================================
GATE M7 - this port, six graded shapes, order-rotated (3 rotations x 50 pipelined iters)
============================================================================================================
 #     m     n      k bias row  NR   mean us   stdev  dev_max  hostIss   SOL us  x SOL  bound  ok
-------------------------------------------------------------------------------------------------
 1    64  7168  18432    0   1  32    108.12    0.29   106.54    61.64     6.46  16.74 device yes
 2   512  4096  12288    1   2  32    114.35    0.80   113.28    61.57     8.19  13.96 device yes
 3  2048  2880   2880    1   3  32    101.75    8.48    99.79    61.92    23.04   4.42 device yes
 4  4096  4096   4096    0   4  32    204.03    1.02   201.84    61.30    65.54   3.11 device yes
 5  8192  4096  14336    1   5  32    766.18    1.43   764.42    60.70   131.07   5.85 device yes
 6  8192  8192  29568    0   6  32   2647.66    6.45  2641.90    62.21   379.43   6.98 device yes
-------------------------------------------------------------------------------------------------
geometric mean (pipelined wall) :    283.64 us
geometric mean (device max)     :    280.87 us
geometric mean (published SOL)  :     39.80 us
ratio to SOL                    :      7.13x
all shapes correct              : True

wrote m7_results.json
